Archive member included to satisfy reference by file (symbol)

f:/program files (x86)/atmel/studio/7.0/toolchain/avr8/avr8-gnu-toolchain/bin/../lib/gcc/avr/5.4.0/../../../../avr/lib/avr51\libm.a(acos.o)
                              rpn.o (acos)
f:/program files (x86)/atmel/studio/7.0/toolchain/avr8/avr8-gnu-toolchain/bin/../lib/gcc/avr/5.4.0/../../../../avr/lib/avr51\libm.a(addsf3.o)
                              rpn.o (__subsf3)
f:/program files (x86)/atmel/studio/7.0/toolchain/avr8/avr8-gnu-toolchain/bin/../lib/gcc/avr/5.4.0/../../../../avr/lib/avr51\libm.a(addsf3x.o)
                              f:/program files (x86)/atmel/studio/7.0/toolchain/avr8/avr8-gnu-toolchain/bin/../lib/gcc/avr/5.4.0/../../../../avr/lib/avr51\libm.a(acos.o) (__addsf3x)
f:/program files (x86)/atmel/studio/7.0/toolchain/avr8/avr8-gnu-toolchain/bin/../lib/gcc/avr/5.4.0/../../../../avr/lib/avr51\libm.a(asin.o)
                              rpn.o (asin)
f:/program files (x86)/atmel/studio/7.0/toolchain/avr8/avr8-gnu-toolchain/bin/../lib/gcc/avr/5.4.0/../../../../avr/lib/avr51\libm.a(atan.o)
                              rpn.o (atan)
f:/program files (x86)/atmel/studio/7.0/toolchain/avr8/avr8-gnu-toolchain/bin/../lib/gcc/avr/5.4.0/../../../../avr/lib/avr51\libm.a(cmpsf2.o)
                              MainWindow.o (__ltsf2)
f:/program files (x86)/atmel/studio/7.0/toolchain/avr8/avr8-gnu-toolchain/bin/../lib/gcc/avr/5.4.0/../../../../avr/lib/avr51\libm.a(cos.o)
                              rpn.o (cos)
f:/program files (x86)/atmel/studio/7.0/toolchain/avr8/avr8-gnu-toolchain/bin/../lib/gcc/avr/5.4.0/../../../../avr/lib/avr51\libm.a(divsf3.o)
                              rpn.o (__divsf3)
f:/program files (x86)/atmel/studio/7.0/toolchain/avr8/avr8-gnu-toolchain/bin/../lib/gcc/avr/5.4.0/../../../../avr/lib/avr51\libm.a(divsf3x.o)
                              f:/program files (x86)/atmel/studio/7.0/toolchain/avr8/avr8-gnu-toolchain/bin/../lib/gcc/avr/5.4.0/../../../../avr/lib/avr51\libm.a(divsf3.o) (__divsf3x)
f:/program files (x86)/atmel/studio/7.0/toolchain/avr8/avr8-gnu-toolchain/bin/../lib/gcc/avr/5.4.0/../../../../avr/lib/avr51\libm.a(fixunssfsi.o)
                              touch.o (__fixunssfsi)
f:/program files (x86)/atmel/studio/7.0/toolchain/avr8/avr8-gnu-toolchain/bin/../lib/gcc/avr/5.4.0/../../../../avr/lib/avr51\libm.a(floatsisf.o)
                              touch.o (__floatunsisf)
f:/program files (x86)/atmel/studio/7.0/toolchain/avr8/avr8-gnu-toolchain/bin/../lib/gcc/avr/5.4.0/../../../../avr/lib/avr51\libm.a(fp_arccos.o)
                              f:/program files (x86)/atmel/studio/7.0/toolchain/avr8/avr8-gnu-toolchain/bin/../lib/gcc/avr/5.4.0/../../../../avr/lib/avr51\libm.a(acos.o) (__fp_arccos)
f:/program files (x86)/atmel/studio/7.0/toolchain/avr8/avr8-gnu-toolchain/bin/../lib/gcc/avr/5.4.0/../../../../avr/lib/avr51\libm.a(fp_cmp.o)
                              f:/program files (x86)/atmel/studio/7.0/toolchain/avr8/avr8-gnu-toolchain/bin/../lib/gcc/avr/5.4.0/../../../../avr/lib/avr51\libm.a(cmpsf2.o) (__fp_cmp)
f:/program files (x86)/atmel/studio/7.0/toolchain/avr8/avr8-gnu-toolchain/bin/../lib/gcc/avr/5.4.0/../../../../avr/lib/avr51\libm.a(fp_inf.o)
                              f:/program files (x86)/atmel/studio/7.0/toolchain/avr8/avr8-gnu-toolchain/bin/../lib/gcc/avr/5.4.0/../../../../avr/lib/avr51\libm.a(addsf3x.o) (__fp_inf)
f:/program files (x86)/atmel/studio/7.0/toolchain/avr8/avr8-gnu-toolchain/bin/../lib/gcc/avr/5.4.0/../../../../avr/lib/avr51\libm.a(fp_nan.o)
                              f:/program files (x86)/atmel/studio/7.0/toolchain/avr8/avr8-gnu-toolchain/bin/../lib/gcc/avr/5.4.0/../../../../avr/lib/avr51\libm.a(addsf3x.o) (__fp_nan)
f:/program files (x86)/atmel/studio/7.0/toolchain/avr8/avr8-gnu-toolchain/bin/../lib/gcc/avr/5.4.0/../../../../avr/lib/avr51\libm.a(fp_powser.o)
                              f:/program files (x86)/atmel/studio/7.0/toolchain/avr8/avr8-gnu-toolchain/bin/../lib/gcc/avr/5.4.0/../../../../avr/lib/avr51\libm.a(atan.o) (__fp_powser)
f:/program files (x86)/atmel/studio/7.0/toolchain/avr8/avr8-gnu-toolchain/bin/../lib/gcc/avr/5.4.0/../../../../avr/lib/avr51\libm.a(fp_powsodd.o)
                              f:/program files (x86)/atmel/studio/7.0/toolchain/avr8/avr8-gnu-toolchain/bin/../lib/gcc/avr/5.4.0/../../../../avr/lib/avr51\libm.a(asin.o) (__fp_powsodd)
f:/program files (x86)/atmel/studio/7.0/toolchain/avr8/avr8-gnu-toolchain/bin/../lib/gcc/avr/5.4.0/../../../../avr/lib/avr51\libm.a(fp_pscA.o)
                              f:/program files (x86)/atmel/studio/7.0/toolchain/avr8/avr8-gnu-toolchain/bin/../lib/gcc/avr/5.4.0/../../../../avr/lib/avr51\libm.a(addsf3x.o) (__fp_pscA)
f:/program files (x86)/atmel/studio/7.0/toolchain/avr8/avr8-gnu-toolchain/bin/../lib/gcc/avr/5.4.0/../../../../avr/lib/avr51\libm.a(fp_pscB.o)
[...]
Memory Configuration

Name             Origin             Length             Attributes
text             0x00000000         0x00020000         xr
data             0x00800100         0x0000ff00         rw !x
eeprom           0x00810000         0x00010000         rw !x
fuse             0x00820000         0x00000003         rw !x
lock             0x00830000         0x00000400         rw !x
signature        0x00840000         0x00000400         rw !x
user_signatures  0x00850000         0x00000400         rw !x
*default*        0x00000000         0xffffffff

Linker script and memory map

Address of section .data set to 0x800200
LOAD F:/Program Files (x86)/Atmel/Studio/7.0/Packs/atmel/ATmega_DFP/1.2.132/gcc/dev/atmega1281/avr51/crtatmega1281.o
LOAD adc.o
LOAD at45db321.o
LOAD delay.o
LOAD InputWindow.o
LOAD keys.o
LOAD lcd.o
LOAD MainWindow.o
LOAD program.o
LOAD rpn.o
LOAD serial.o
LOAD spi.o
LOAD sram.o
LOAD text.o
LOAD touch.o
LOAD main.o
START GROUP
LOAD f:/program files (x86)/atmel/studio/7.0/toolchain/avr8/avr8-gnu-toolchain/bin/../lib/gcc/avr/5.4.0/../../../../avr/lib/avr51\libm.a
END GROUP
LOAD f:/program files (x86)/atmel/studio/7.0/toolchain/avr8/avr8-gnu-toolchain/bin/../lib/gcc/avr/5.4.0/avr51\libgcc.a
LOAD f:/program files (x86)/atmel/studio/7.0/toolchain/avr8/avr8-gnu-toolchain/bin/../lib/gcc/avr/5.4.0/../../../../avr/lib/avr51\libm.a
START GROUP
LOAD f:/program files (x86)/atmel/studio/7.0/toolchain/avr8/avr8-gnu-toolchain/bin/../lib/gcc/avr/5.4.0/avr51\libgcc.a
LOAD f:/program files (x86)/atmel/studio/7.0/toolchain/avr8/avr8-gnu-toolchain/bin/../lib/gcc/avr/5.4.0/../../../../avr/lib/avr51\libm.a
LOAD f:/program files (x86)/atmel/studio/7.0/toolchain/avr8/avr8-gnu-toolchain/bin/../lib/gcc/avr/5.4.0/../../../../avr/lib/avr51\libc.a
LOAD F:/Program Files (x86)/Atmel/Studio/7.0/Packs/atmel/ATmega_DFP/1.2.132/gcc/dev/atmega1281/avr51\libatmega1281.a
END GROUP
                0x00020000                __TEXT_REGION_LENGTH__ = DEFINED (__TEXT_REGION_LENGTH__)?__TEXT_REGION_LENGTH__:0x20000
                0x0000ff00                __DATA_REGION_LENGTH__ = DEFINED (__DATA_REGION_LENGTH__)?__DATA_REGION_LENGTH__:0xff00
                0x00010000                __EEPROM_REGION_LENGTH__ = DEFINED (__EEPROM_REGION_LENGTH__)?__EEPROM_REGION_LENGTH__:0x10000
                [0x00000003]                __FUSE_REGION_LENGTH__ = DEFINED (__FUSE_REGION_LENGTH__)?__FUSE_REGION_LENGTH__:0x400
                0x00000400                __LOCK_REGION_LENGTH__ = DEFINED (__LOCK_REGION_LENGTH__)?__LOCK_REGION_LENGTH__:0x400
                0x00000400                __SIGNATURE_REGION_LENGTH__ = DEFINED (__SIGNATURE_REGION_LENGTH__)?__SIGNATURE_REGION_LENGTH__:0x400
                0x00000400                __USER_SIGNATURE_REGION_LENGTH__ = DEFINED (__USER_SIGNATURE_REGION_LENGTH__)?__USER_SIGNATURE_REGION_LENGTH__:0x400

.hash
 *(.hash)

.dynsym
 *(.dynsym)

.dynstr
 *(.dynstr)

.gnu.version
 *(.gnu.version)

.gnu.version_d
 *(.gnu.version_d)

.gnu.version_r
 *(.gnu.version_r)

.rel.init
 *(.rel.init)

.rela.init
 *(.rela.init)

.rel.text
 *(.rel.text)
 *(.rel.text.*)
 *(.rel.gnu.linkonce.t*)

.rela.text
 *(.rela.text)
 *(.rela.text.*)
 *(.rela.gnu.linkonce.t*)

.rel.fini
 *(.rel.fini)

.rela.fini
 *(.rela.fini)

.rel.rodata
 *(.rel.rodata)
 *(.rel.rodata.*)
 *(.rel.gnu.linkonce.r*)

.rela.rodata
 *(.rela.rodata)
 *(.rela.rodata.*)
 *(.rela.gnu.linkonce.r*)

.rel.data
 *(.rel.data)
 *(.rel.data.*)
 *(.rel.gnu.linkonce.d*)

.rela.data
 *(.rela.data)
 *(.rela.data.*)
 *(.rela.gnu.linkonce.d*)

.rel.ctors
 *(.rel.ctors)

.rela.ctors
 *(.rela.ctors)

.rel.dtors
 *(.rel.dtors)

.rela.dtors
 *(.rela.dtors)

.rel.got
 *(.rel.got)

.rela.got
 *(.rela.got)

.rel.bss
 *(.rel.bss)

.rela.bss
 *(.rela.bss)

.rel.plt
 *(.rel.plt)

.rela.plt
 *(.rela.plt)

.text           0x00000000     0x4786
 *(.vectors)
 .vectors       0x00000000       0xcc F:/Program Files (x86)/Atmel/Studio/7.0/Packs/atmel/ATmega_DFP/1.2.132/gcc/dev/atmega1281/avr51/crtatmega1281.o
                0x00000000                __vector_default
                0x00000000                __vectors
 *(.vectors)
 *(.progmem.gcc*)
 .progmem.gcc_sw_table._ZN10MainWindow6ActionE6Statesh
                0x000000cc       0x10 MainWindow.o
 .progmem.gcc_sw_table._Z8evaluateR5arrayI5TokenE
                0x000000dc       0x22 rpn.o
 .progmem.gcc_fplib
                0x000000fe       0x14 f:/program files (x86)/atmel/studio/7.0/toolchain/avr8/avr8-gnu-toolchain/bin/../lib/gcc/avr/5.4.0/../../../../avr/lib/avr51\libm.a(asin.o)
 .progmem.gcc_fplib
                0x00000112       0x2d f:/program files (x86)/atmel/studio/7.0/toolchain/avr8/avr8-gnu-toolchain/bin/../lib/gcc/avr/5.4.0/../../../../avr/lib/avr51\libm.a(atan.o)
 .progmem.gcc_fplib
                0x0000013f       0x28 f:/program files (x86)/atmel/studio/7.0/toolchain/avr8/avr8-gnu-toolchain/bin/../lib/gcc/avr/5.4.0/../../../../avr/lib/avr51\libm.a(fp_arccos.o)
 .progmem.gcc_fplib
                0x00000167       0x1e f:/program files (x86)/atmel/studio/7.0/toolchain/avr8/avr8-gnu-toolchain/bin/../lib/gcc/avr/5.4.0/../../../../avr/lib/avr51\libm.a(fp_sinus.o)
 .progmem.gcc_fplib
                0x00000185       0x5a f:/program files (x86)/atmel/studio/7.0/toolchain/avr8/avr8-gnu-toolchain/bin/../lib/gcc/avr/5.4.0/../../../../avr/lib/avr51\libm.a(log.o)
 .progmem.gcc_fplib
                0x000001df       0x23 f:/program files (x86)/atmel/studio/7.0/toolchain/avr8/avr8-gnu-toolchain/bin/../lib/gcc/avr/5.4.0/../../../../avr/lib/avr51\libm.a(tan.o)
 .progmem.gcc_fplib
                0x00000202       0x28 f:/program files (x86)/atmel/studio/7.0/toolchain/avr8/avr8-gnu-toolchain/bin/../lib/gcc/avr/5.4.0/../../../../avr/lib/avr51\libm.a(exp.o)
                0x0000022a                . = ALIGN (0x2)
                0x0000022a                __trampolines_start = .
 *(.trampolines)
 .trampolines   0x0000022a        0x0 linker stubs
 *(.trampolines*)
                0x0000022a                __trampolines_end = .
 *libprintf_flt.a:*(.progmem.data)
 *libc.a:*(.progmem.data)
 .progmem.data  0x0000022a       0x10 f:/program files (x86)/atmel/studio/7.0/toolchain/avr8/avr8-gnu-toolchain/bin/../lib/gcc/avr/5.4.0/../../../../avr/lib/avr51\libc.a(dtostre.o)
 .progmem.data  0x0000023a       0xfa f:/program files (x86)/atmel/studio/7.0/toolchain/avr8/avr8-gnu-toolchain/bin/../lib/gcc/avr/5.4.0/../../../../avr/lib/avr51\libc.a(ftoa_engine.o)
 .progmem.data  0x00000334       0x3b f:/program files (x86)/atmel/studio/7.0/toolchain/avr8/avr8-gnu-toolchain/bin/../lib/gcc/avr/5.4.0/../../../../avr/lib/avr51\libc.a(strtod.o)
 *(.progmem*)
 .progmem.data._ZL8all_keys
                0x0000036f      0x13b keys.o
 .progmem.data._ZL7font5x7
                0x000004aa      0x217 text.o
                0x000006c2                . = ALIGN (0x2)
 *fill*         0x000006c1        0x1 
 *(.jumptables)
 *(.jumptables*)
 *(.lowtext)
 *(.lowtext*)
                0x000006c2                __ctors_start = .
 *(.ctors)
 .ctors         0x000006c2        0x2 adc.o
 .ctors         0x000006c4        0x2 at45db321.o
 .ctors         0x000006c6        0x2 lcd.o
 .ctors         0x000006c8        0x2 rpn.o
 .ctors         0x000006ca        0x2 serial.o
 .ctors         0x000006cc        0x2 spi.o
 .ctors         0x000006ce        0x2 sram.o
 .ctors         0x000006d0        0x2 text.o
                0x000006d2                __ctors_end = .
                0x000006d2                __dtors_start = .
 *(.dtors)
                0x000006d2                __dtors_end = .
 SORT(*)(.ctors)
 SORT(*)(.dtors)
 *(.init0)
 .init0         0x000006d2        0x0 F:/Program Files (x86)/Atmel/Studio/7.0/Packs/atmel/ATmega_DFP/1.2.132/gcc/dev/atmega1281/avr51/crtatmega1281.o
                0x000006d2                __init
 *(.init0)
 *(.init1)
 *(.init1)
 *(.init2)
 .init2         0x000006d2        0xc F:/Program Files (x86)/Atmel/Studio/7.0/Packs/atmel/ATmega_DFP/1.2.132/gcc/dev/atmega1281/avr51/crtatmega1281.o
 *(.init2)
 *(.init3)
 *(.init3)
 *(.init4)
 .init4         0x000006de       0x1a f:/program files (x86)/atmel/studio/7.0/toolchain/avr8/avr8-gnu-toolchain/bin/../lib/gcc/avr/5.4.0/avr51\libgcc.a(_copy_data.o)
                0x000006de                __do_copy_data
 .init4         0x000006f8       0x10 f:/program files (x86)/atmel/studio/7.0/toolchain/avr8/avr8-gnu-toolchain/bin/../lib/gcc/avr/5.4.0/avr51\libgcc.a(_clear_bss.o)
                0x000006f8                __do_clear_bss
 *(.init4)
 *(.init5)
 *(.init5)
 *(.init6)
 .init6         0x00000708       0x16 f:/program files (x86)/atmel/studio/7.0/toolchain/avr8/avr8-gnu-toolchain/bin/../lib/gcc/avr/5.4.0/avr51\libgcc.a(_ctors.o)
                0x00000708                __do_global_ctors
 *(.init6)
 *(.init7)
 *(.init7)
 *(.init8)
 *(.init8)
 *(.init9)
 .init9         0x0000071e        0x8 F:/Program Files (x86)/Atmel/Studio/7.0/Packs/atmel/ATmega_DFP/1.2.132/gcc/dev/atmega1281/avr51/crtatmega1281.o
 *(.init9)
 *(.text)
 .text          0x00000726        0x2 F:/Program Files (x86)/Atmel/Studio/7.0/Packs/atmel/ATmega_DFP/1.2.132/gcc/dev/atmega1281/avr51/crtatmega1281.o
                0x00000726                __vector_38
                0x00000726                __vector_22
                0x00000726                __vector_28
                0x00000726                __vector_1
                0x00000726                __vector_32
                0x00000726                __vector_34
                0x00000726                __vector_24
                0x00000726                __vector_12
                0x00000726                __vector_46
                0x00000726                __bad_interrupt
                0x00000726                __vector_6
                0x00000726                __vector_31
                0x00000726                __vector_35
                0x00000726                __vector_39
                0x00000726                __vector_3
                0x00000726                __vector_23
                0x00000726                __vector_30
                0x00000726                __vector_45
                0x00000726                __vector_25
                0x00000726                __vector_11
                0x00000726                __vector_13
                0x00000726                __vector_17
                0x00000726                __vector_19
                0x00000726                __vector_7
                0x00000726                __vector_49
                0x00000726                __vector_41
                0x00000726                __vector_43
                0x00000726                __vector_27
                0x00000726                __vector_5
                0x00000726                __vector_33
                0x00000726                __vector_47
                0x00000726                __vector_37
                0x00000726                __vector_4
                0x00000726                __vector_44
                0x00000726                __vector_9
                0x00000726                __vector_2
                0x00000726                __vector_21
                0x00000726                __vector_15
                0x00000726                __vector_36
                0x00000726                __vector_29
                0x00000726                __vector_40
                0x00000726                __vector_8
                0x00000726                __vector_26
                0x00000726                __vector_48
                0x00000726                __vector_14
                0x00000726                __vector_10
                0x00000726                __vector_50
                0x00000726                __vector_16
                0x00000726                __vector_18
                0x00000726                __vector_20
                0x00000726                __vector_42
                0x00000728                . = ALIGN (0x2)
 *(.text.*)
 .text._ZN3adcC2Ev
                0x00000728       0x24 adc.o
                0x00000728                _ZN3adcC1Ev
                0x00000728                _ZN3adcC2Ev
 .text._ZN3adc9current_XEv
                0x0000074c       0x38 adc.o
                0x0000074c                _ZN3adc9current_XEv
 .text._ZN3adc9current_YEv
                0x00000784       0x38 adc.o
                0x00000784                _ZN3adc9current_YEv
 .text._ZN3adc9voltage_XEv
                0x000007bc       0x38 adc.o
                0x000007bc                _ZN3adc9voltage_XEv
 .text._ZN3adc9voltage_YEv
                0x000007f4       0x36 adc.o
                0x000007f4                _ZN3adc9voltage_YEv
 .text.startup._GLOBAL__sub_I__ZN3adc9current_XEv
                0x0000082a        0x6 adc.o
 .text.startup._GLOBAL__sub_I__ZN4AT459WriteTextEjPKc
                0x00000830        0x6 at45db321.o
 .text._Z5delaym
                0x00000836       0x46 delay.o
                0x00000836                _Z5delaym
 .text._Z8delay_msh
                0x0000087c       0x1a delay.o
                0x0000087c                _Z8delay_msh
 .text._ZN11InputWindow4DrawEv
                0x00000896      0x1b0 InputWindow.o
                0x00000896                _ZN11InputWindow4DrawEv
 .text._ZN11InputWindow7ReadKeyEv
                0x00000a46       0x40 InputWindow.o
                0x00000a46                _ZN11InputWindow7ReadKeyEv
 .text._ZN11InputWindow6ActionE6Statesh
                0x00000a86       0x34 InputWindow.o
                0x00000a86                _ZN11InputWindow6ActionE6Statesh
 .text._Z7readkeyhhhh
                0x00000aba       0x4e keys.o
                0x00000aba                _Z7readkeyhhhh
 .text._ZN4Keys7ReadKeyE8KeysType4PairIjjE
                0x00000b08       0x4a keys.o
                0x00000b08                _ZN4Keys7ReadKeyE8KeysType4PairIjjE
 .text._ZN10lcd_KS01086StatusEh
                0x00000b52       0x56 lcd.o
                0x00000b52                _ZN10lcd_KS01086StatusEh
 .text._ZN10lcd_KS010812WriteCommandEhh
                0x00000ba8       0x52 lcd.o
                0x00000ba8                _ZN10lcd_KS010812WriteCommandEhh
 .text._ZN10lcd_KS01088ReadDataEv
                0x00000bfa       0x5a lcd.o
                0x00000bfa                _ZN10lcd_KS01088ReadDataEv
 .text._ZN10lcd_KS01086GoToXYEhh
                0x00000c54       0x5e lcd.o
                0x00000c54                _ZN10lcd_KS01086GoToXYEhh
 .text._ZN10lcd_KS01089WriteDataEh
                0x00000cb2       0x76 lcd.o
                0x00000cb2                _ZN10lcd_KS01089WriteDataEh
 .text._ZN10lcd_KS010810GoToXYTextEhh
                0x00000d28        0xa lcd.o
                0x00000d28                _ZN10lcd_KS010810GoToXYTextEhh
 .text._ZN10lcd_KS01086ClrScrEv
                0x00000d32       0x3a lcd.o
                0x00000d32                _ZN10lcd_KS01086ClrScrEv
 .text._ZN10lcd_KS01084InitEv
                0x00000d6c       0x38 lcd.o
                0x00000d6c                _ZN10lcd_KS01084InitEv
 .text._ZN10lcd_KS0108C2Ev
                0x00000da4       0x2c lcd.o
                0x00000da4                _ZN10lcd_KS0108C1Ev
                0x00000da4                _ZN10lcd_KS0108C2Ev
 .text._ZN10lcd_KS01088SetPixelEhh
                0x00000dd0       0x50 lcd.o
                0x00000dd0                _ZN10lcd_KS01088SetPixelEhh
 .text.startup._GLOBAL__sub_I__ZN10lcd_KS01086StatusEh
                0x00000e20        0x6 lcd.o
 .text._ZN10MainWindow7ReadKeyEv
                0x00000e26       0x40 MainWindow.o
                0x00000e26                _ZN10MainWindow7ReadKeyEv
 .text._ZN10MainWindow12FormatOutputEPdPh
                0x00000e66       0xc4 MainWindow.o
                0x00000e66                _ZN10MainWindow12FormatOutputEPdPh
 .text._ZN10MainWindow4DrawEv
                0x00000f2a      0x254 MainWindow.o
                0x00000f2a                _ZN10MainWindow4DrawEv
 .text._ZN10MainWindow7DecLineEv
                0x0000117e        0xe MainWindow.o
                0x0000117e                _ZN10MainWindow7DecLineEv
 .text._ZN10MainWindow7IncLineEv
                0x0000118c        0xe MainWindow.o
                0x0000118c                _ZN10MainWindow7IncLineEv
 .text._ZN10MainWindow6DecColEv
                0x0000119a        0xe MainWindow.o
                0x0000119a                _ZN10MainWindow6DecColEv
 .text._ZN10MainWindow6IncColEv
                0x000011a8        0xe MainWindow.o
                0x000011a8                _ZN10MainWindow6IncColEv
 .text._ZN10MainWindow6ActionE6Statesh
                0x000011b6       0x9c MainWindow.o
                0x000011b6                _ZN10MainWindow6ActionE6Statesh
 .text._ZN7Program3RunEv
                0x00001252      0x27a program.o
                0x00001252                _ZN7Program3RunEv
 .text._ZN5TokenC2Ev
                0x000014cc       0x14 rpn.o
                0x000014cc                _ZN5TokenC2Ev
                0x000014cc                _ZN5TokenC1Ev
 .text._Z11is_operatorh
                0x000014e0       0x32 rpn.o
                0x000014e0                _Z11is_operatorh
 .text._Z8sym_typeh
                0x00001512       0x54 rpn.o
                0x00001512                _Z8sym_typeh
 .text._Z11clr_mem_cntPhh
                0x00001566       0x12 rpn.o
                0x00001566                _Z11clr_mem_cntPhh
 .text._ZN3RPN12set_priorityEP5Token
                0x00001578      0x18c rpn.o
                0x00001578                _ZN3RPN12set_priorityEP5Token
 .text._ZN5arrayI5TokenEixEh
                0x00001704       0x2c rpn.o
                0x00001704                _ZN5arrayI5TokenEixEh
 .text._ZN5arrayI5TokenE11remove_lastEv
                0x00001730       0x1c rpn.o
                0x00001730                _ZN5arrayI5TokenE11remove_lastEv
 .text._Z8evaluateR5arrayI5TokenE
                0x0000174c      0x25e rpn.o
                0x0000174c                _Z8evaluateR5arrayI5TokenE
 .text._ZN5arrayI5TokenEC2Eh
                0x000019aa       0xa0 rpn.o
                0x000019aa                _ZN5arrayI5TokenEC1Eh
                0x000019aa                _ZN5arrayI5TokenEC2Eh
 .text._ZN5arrayI5TokenED2Ev
                0x00001a4a       0x20 rpn.o
                0x00001a4a                _ZN5arrayI5TokenED1Ev
                0x00001a4a                _ZN5arrayI5TokenED2Ev
 .text._ZN5arrayI5TokenE6insertES0_
                0x00001a6a       0x44 rpn.o
                0x00001a6a                _ZN5arrayI5TokenE6insertES0_
 .text._ZN5arrayI5TokenE9read_lastEv
                0x00001aae       0x28 rpn.o
                0x00001aae                _ZN5arrayI5TokenE9read_lastEv
 .text._ZN5arrayIhEixEh
                0x00001ad6       0x28 rpn.o
                0x00001ad6                _ZN5arrayIhEixEh
 .text._ZN3RPN9tokenizerER5arrayIhE
                0x00001afe      0x1e8 rpn.o
                0x00001afe                _ZN3RPN9tokenizerER5arrayIhE
 .text._ZN3RPN12TryCalculateER5arrayIhE
                0x00001ce6      0x414 rpn.o
                0x00001ce6                _ZN3RPN12TryCalculateER5arrayIhE
 .text.startup._GLOBAL__sub_I_tab2f
                0x000020fa       0x34 rpn.o
 .text._ZN6Serial6EnableEv
                0x0000212e       0x12 serial.o
                0x0000212e                _ZN6Serial6EnableEv
 .text._ZN6SerialC2Ev
                0x00002140        0xe serial.o
                0x00002140                _ZN6SerialC1Ev
                0x00002140                _ZN6SerialC2Ev
 .text.startup._GLOBAL__sub_I__ZN6SerialC2Ev
                0x0000214e        0x6 serial.o
 .text._ZN3SPIC2Ev
                0x00002154       0x24 spi.o
                0x00002154                _ZN3SPIC2Ev
                0x00002154                _ZN3SPIC1Ev
 .text.startup._GLOBAL__sub_I__ZN3SPIC2Ev
                0x00002178        0x6 spi.o
 .text._ZN3RAM7setBankEh
                0x0000217e       0x18 sram.o
                0x0000217e                _ZN3RAM7setBankEh
 .text._ZN3RAMC2Ev
                0x00002196       0x44 sram.o
                0x00002196                _ZN3RAMC1Ev
                0x00002196                _ZN3RAMC2Ev
 .text._ZN3RAM9WriteByteEjh
                0x000021da       0x2e sram.o
                0x000021da                _ZN3RAM9WriteByteEjh
 .text._ZN3RAM8ReadByteEj
                0x00002208       0x2e sram.o
                0x00002208                _ZN3RAM8ReadByteEj
 .text._ZN3RAM14get_mem_structEjP5_tsRS
                0x00002236       0xa2 sram.o
                0x00002236                _ZN3RAM14get_mem_structEjP5_tsRS
 .text._ZN3RAM10read_blockEjjjPh
                0x000022d8       0xc0 sram.o
                0x000022d8                _ZN3RAM10read_blockEjjjPh
 .text._ZN3RAM11write_blockEjjjPh
                0x00002398       0xcc sram.o
                0x00002398                _ZN3RAM11write_blockEjjjPh
 .text._ZN3RAM9clr_blockEjj
                0x00002464       0xaa sram.o
                0x00002464                _ZN3RAM9clr_blockEjj
 .text._ZN3RAM7get_memEj
                0x0000250e      0x24a sram.o
                0x0000250e                _ZN3RAM7get_memEj
 .text.startup._GLOBAL__sub_I__ZN3RAM7setBankEh
                0x00002758        0x6 sram.o
 .text._ZN4text9SetSpacesEh
                0x0000275e        0x6 text.o
                0x0000275e                _ZN4text9SetSpacesEh
 .text._ZN4text6ClrScrEv
                0x00002764       0x18 text.o
                0x00002764                _ZN4text6ClrScrEv
 .text._ZN4text4GoToEhh
                0x0000277c       0x4e text.o
                0x0000277c                _ZN4text4GoToEhh
 .text._ZN4text7GoToAbsEhh
                0x000027ca       0x2e text.o
                0x000027ca                _ZN4text7GoToAbsEhh
 .text._ZN4text4DrawEh
                0x000027f8       0x6e text.o
                0x000027f8                _ZN4text4DrawEh
 .text._ZN4text5WriteEc
                0x00002866       0x1c text.o
                0x00002866                _ZN4text5WriteEc
 .text._ZN4text5WriteEPKc
                0x00002882       0x38 text.o
                0x00002882                _ZN4text5WriteEPKc
 .text._ZN4text5WriteEPh
                0x000028ba       0x34 text.o
                0x000028ba                _ZN4text5WriteEPh
 .text.startup._GLOBAL__sub_I__ZN4text13Get_Coursor_XEv
                0x000028ee       0x14 text.o
 .text._ZN5Touch9rescale_xEj
                0x00002902       0x58 touch.o
                0x00002902                _ZN5Touch9rescale_xEj
 .text._ZN5Touch9rescale_yEj
                0x0000295a       0x58 touch.o
                0x0000295a                _ZN5Touch9rescale_yEj
 .text._ZN5Touch10KeyPressedEv
                0x000029b2       0x26 touch.o
                0x000029b2                _ZN5Touch10KeyPressedEv
 .text._ZN5Touch5PressEv
                0x000029d8       0x2a touch.o
                0x000029d8                _ZN5Touch5PressEv
 .text._ZN5Touch15ReadCoordinatesEv
                0x00002a02       0xe4 touch.o
                0x00002a02                _ZN5Touch15ReadCoordinatesEv
 .text._ZN5Touch16delay_keypressedEv
                0x00002ae6        0xc touch.o
                0x00002ae6                _ZN5Touch16delay_keypressedEv
 .text._ZN5Touch16wait_release_keyEv
                0x00002af2       0x12 touch.o
                0x00002af2                _ZN5Touch16wait_release_keyEv
 .text._ZN5Touch7ReadKeyEv
                0x00002b04       0x34 touch.o
                0x00002b04                _ZN5Touch7ReadKeyEv
 .text._ZN7ProgramC2Ev
                0x00002b38      0x11e main.o
                0x00002b38                _ZN7ProgramC1Ev
                0x00002b38                _ZN7ProgramC2Ev
 .text.startup.main
                0x00002c56       0x58 main.o
                0x00002c56                main
 .text.avr-libc.fplib
                0x00002cae       0x1c f:/program files (x86)/atmel/studio/7.0/toolchain/avr8/avr8-gnu-toolchain/bin/../lib/gcc/avr/5.4.0/../../../../avr/lib/avr51\libm.a(acos.o)
                0x00002cae                acos
 .text.avr-libc.fplib
                0x00002cca        0xa f:/program files (x86)/atmel/studio/7.0/toolchain/avr8/avr8-gnu-toolchain/bin/../lib/gcc/avr/5.4.0/../../../../avr/lib/avr51\libm.a(addsf3.o)
                0x00002cca                __subsf3
                0x00002ccc                __addsf3
 .text.avr-libc.fplib
                0x00002cd4       0xc0 f:/program files (x86)/atmel/studio/7.0/toolchain/avr8/avr8-gnu-toolchain/bin/../lib/gcc/avr/5.4.0/../../../../avr/lib/avr51\libm.a(addsf3x.o)
                0x00002cee                __addsf3x
 .text.avr-libc.fplib
                0x00002d94       0x2e f:/program files (x86)/atmel/studio/7.0/toolchain/avr8/avr8-gnu-toolchain/bin/../lib/gcc/avr/5.4.0/../../../../avr/lib/avr51\libm.a(asin.o)
                0x00002d94                asin
 .text.avr-libc.fplib
                0x00002dc2       0x50 f:/program files (x86)/atmel/studio/7.0/toolchain/avr8/avr8-gnu-toolchain/bin/../lib/gcc/avr/5.4.0/../../../../avr/lib/avr51\libm.a(atan.o)
                0x00002dc2                atan
 .text.avr-libc.fplib
                0x00002e12        0x8 f:/program files (x86)/atmel/studio/7.0/toolchain/avr8/avr8-gnu-toolchain/bin/../lib/gcc/avr/5.4.0/../../../../avr/lib/avr51\libm.a(cmpsf2.o)
                0x00002e12                __nesf2
                0x00002e12                __eqsf2
                0x00002e12                __cmpsf2
                0x00002e12                __ltsf2
                0x00002e12                __lesf2
 .text.avr-libc.fplib
                0x00002e1a        0x6 f:/program files (x86)/atmel/studio/7.0/toolchain/avr8/avr8-gnu-toolchain/bin/../lib/gcc/avr/5.4.0/../../../../avr/lib/avr51\libm.a(cos.o)
                0x00002e1a                cos
 .text.avr-libc.fplib
                0x00002e20        0x4 f:/program files (x86)/atmel/studio/7.0/toolchain/avr8/avr8-gnu-toolchain/bin/../lib/gcc/avr/5.4.0/../../../../avr/lib/avr51\libm.a(divsf3.o)
                0x00002e20                __divsf3
 .text.avr-libc.fplib
                0x00002e24       0xcc f:/program files (x86)/atmel/studio/7.0/toolchain/avr8/avr8-gnu-toolchain/bin/../lib/gcc/avr/5.4.0/../../../../avr/lib/avr51\libm.a(divsf3x.o)
                0x00002e3a                __divsf3x
                0x00002e3e                __divsf3_pse
 .text.avr-libc.fplib
                0x00002ef0       0x58 f:/program files (x86)/atmel/studio/7.0/toolchain/avr8/avr8-gnu-toolchain/bin/../lib/gcc/avr/5.4.0/../../../../avr/lib/avr51\libm.a(fixunssfsi.o)
                0x00002ef0                __fixunssfsi
 .text.avr-libc.fplib
                0x00002f48       0x7a f:/program files (x86)/atmel/studio/7.0/toolchain/avr8/avr8-gnu-toolchain/bin/../lib/gcc/avr/5.4.0/../../../../avr/lib/avr51\libm.a(floatsisf.o)
                0x00002f48                __floatunsisf
                0x00002f4c                __floatsisf
 .text.avr-libc.fplib
                0x00002fc2       0x36 f:/program files (x86)/atmel/studio/7.0/toolchain/avr8/avr8-gnu-toolchain/bin/../lib/gcc/avr/5.4.0/../../../../avr/lib/avr51\libm.a(fp_arccos.o)
                0x00002fc2                __fp_arccos
 .text.avr-libc.fplib
                0x00002ff8       0x48 f:/program files (x86)/atmel/studio/7.0/toolchain/avr8/avr8-gnu-toolchain/bin/../lib/gcc/avr/5.4.0/../../../../avr/lib/avr51\libm.a(fp_cmp.o)
                0x00002ff8                __fp_cmp
 .text.avr-libc.fplib
                0x00003040        0xc f:/program files (x86)/atmel/studio/7.0/toolchain/avr8/avr8-gnu-toolchain/bin/../lib/gcc/avr/5.4.0/../../../../avr/lib/avr51\libm.a(fp_inf.o)
                0x00003040                __fp_inf
 .text.avr-libc.fplib
                0x0000304c        0x6 f:/program files (x86)/atmel/studio/7.0/toolchain/avr8/avr8-gnu-toolchain/bin/../lib/gcc/avr/5.4.0/../../../../avr/lib/avr51\libm.a(fp_nan.o)
                0x0000304c                __fp_nan
 .text.avr-libc.fplib
                0x00003052       0x4a f:/program files (x86)/atmel/studio/7.0/toolchain/avr8/avr8-gnu-toolchain/bin/../lib/gcc/avr/5.4.0/../../../../avr/lib/avr51\libm.a(fp_powser.o)
                0x00003052                __fp_powser
 .text.avr-libc.fplib
                0x0000309c       0x22 f:/program files (x86)/atmel/studio/7.0/toolchain/avr8/avr8-gnu-toolchain/bin/../lib/gcc/avr/5.4.0/../../../../avr/lib/avr51\libm.a(fp_powsodd.o)
                0x0000309c                __fp_powsodd
 .text.avr-libc.fplib
                0x000030be        0xe f:/program files (x86)/atmel/studio/7.0/toolchain/avr8/avr8-gnu-toolchain/bin/../lib/gcc/avr/5.4.0/../../../../avr/lib/avr51\libm.a(fp_pscA.o)
                0x000030be                __fp_pscA
 .text.avr-libc.fplib
                0x000030cc        0xe f:/program files (x86)/atmel/studio/7.0/toolchain/avr8/avr8-gnu-toolchain/bin/../lib/gcc/avr/5.4.0/../../../../avr/lib/avr51\libm.a(fp_pscB.o)
                0x000030cc                __fp_pscB
 .text.avr-libc.fplib
                0x000030da       0x50 f:/program files (x86)/atmel/studio/7.0/toolchain/avr8/avr8-gnu-toolchain/bin/../lib/gcc/avr/5.4.0/../../../../avr/lib/avr51\libm.a(fp_rempio2.o)
                0x000030dc                __fp_rempio2
 .text.avr-libc.fplib
                0x0000312a       0x22 f:/program files (x86)/atmel/studio/7.0/toolchain/avr8/avr8-gnu-toolchain/bin/../lib/gcc/avr/5.4.0/../../../../avr/lib/avr51\libm.a(fp_round.o)
                0x0000312a                __fp_round
 .text.avr-libc.fplib
                0x0000314c       0x22 f:/program files (x86)/atmel/studio/7.0/toolchain/avr8/avr8-gnu-toolchain/bin/../lib/gcc/avr/5.4.0/../../../../avr/lib/avr51\libm.a(fp_sinus.o)
                0x0000314c                __fp_sinus
 .text.avr-libc.fplib
                0x0000316e       0x44 f:/program files (x86)/atmel/studio/7.0/toolchain/avr8/avr8-gnu-toolchain/bin/../lib/gcc/avr/5.4.0/../../../../avr/lib/avr51\libm.a(fp_split3.o)
                0x0000316e                __fp_split3
                0x0000317e                __fp_splitA
 .text.avr-libc.fplib
                0x000031b2        0xe f:/program files (x86)/atmel/studio/7.0/toolchain/avr8/avr8-gnu-toolchain/bin/../lib/gcc/avr/5.4.0/../../../../avr/lib/avr51\libm.a(fp_zero.o)
                0x000031b2                __fp_zero
                0x000031b4                __fp_szero
 .text.avr-libc.fplib
                0x000031c0        0x8 f:/program files (x86)/atmel/studio/7.0/toolchain/avr8/avr8-gnu-toolchain/bin/../lib/gcc/avr/5.4.0/../../../../avr/lib/avr51\libm.a(gesf2.o)
                0x000031c0                __gesf2
                0x000031c0                __gtsf2
 .text.avr-libc.fplib
                0x000031c8        0xe f:/program files (x86)/atmel/studio/7.0/toolchain/avr8/avr8-gnu-toolchain/bin/../lib/gcc/avr/5.4.0/../../../../avr/lib/avr51\libm.a(inverse.o)
                0x000031c8                inverse
 .text.avr-libc.fplib
                0x000031d6        0xc f:/program files (x86)/atmel/studio/7.0/toolchain/avr8/avr8-gnu-toolchain/bin/../lib/gcc/avr/5.4.0/../../../../avr/lib/avr51\libm.a(log10.o)
                0x000031d6                log10
 .text.avr-libc.fplib
                0x000031e2       0x8a f:/program files (x86)/atmel/studio/7.0/toolchain/avr8/avr8-gnu-toolchain/bin/../lib/gcc/avr/5.4.0/../../../../avr/lib/avr51\libm.a(log.o)
                0x000031ec                log
 .text.avr-libc.fplib
                0x0000326c        0x4 f:/program files (x86)/atmel/studio/7.0/toolchain/avr8/avr8-gnu-toolchain/bin/../lib/gcc/avr/5.4.0/../../../../avr/lib/avr51\libm.a(mulsf3.o)
                0x0000326c                __mulsf3
 .text.avr-libc.fplib
                0x00003270       0xc2 f:/program files (x86)/atmel/studio/7.0/toolchain/avr8/avr8-gnu-toolchain/bin/../lib/gcc/avr/5.4.0/../../../../avr/lib/avr51\libm.a(mulsf3x.o)
                0x00003284                __mulsf3x
                0x00003288                __mulsf3_pse
 .text.avr-libc.fplib
                0x00003332       0x98 f:/program files (x86)/atmel/studio/7.0/toolchain/avr8/avr8-gnu-toolchain/bin/../lib/gcc/avr/5.4.0/../../../../avr/lib/avr51\libm.a(pow.o)
                0x00003332                pow
 .text.avr-libc.fplib
                0x000033ca        0xc f:/program files (x86)/atmel/studio/7.0/toolchain/avr8/avr8-gnu-toolchain/bin/../lib/gcc/avr/5.4.0/../../../../avr/lib/avr51\libm.a(sin.o)
                0x000033ca                sin
 .text.avr-libc.fplib
                0x000033d6       0x84 f:/program files (x86)/atmel/studio/7.0/toolchain/avr8/avr8-gnu-toolchain/bin/../lib/gcc/avr/5.4.0/../../../../avr/lib/avr51\libm.a(sqrt.o)
                0x000033de                sqrtf
                0x000033de                sqrt
 .text.avr-libc.fplib
                0x0000345a        0x6 f:/program files (x86)/atmel/studio/7.0/toolchain/avr8/avr8-gnu-toolchain/bin/../lib/gcc/avr/5.4.0/../../../../avr/lib/avr51\libm.a(square.o)
                0x0000345a                square
 .text.avr-libc.fplib
                0x00003460       0x40 f:/program files (x86)/atmel/studio/7.0/toolchain/avr8/avr8-gnu-toolchain/bin/../lib/gcc/avr/5.4.0/../../../../avr/lib/avr51\libm.a(tan.o)
                0x00003460                tan
 .text.avr-libc.fplib
                0x000034a0       0x62 f:/program files (x86)/atmel/studio/7.0/toolchain/avr8/avr8-gnu-toolchain/bin/../lib/gcc/avr/5.4.0/../../../../avr/lib/avr51\libm.a(exp.o)
                0x000034aa                exp
 .text.avr-libc.fplib
                0x00003502       0x1c f:/program files (x86)/atmel/studio/7.0/toolchain/avr8/avr8-gnu-toolchain/bin/../lib/gcc/avr/5.4.0/../../../../avr/lib/avr51\libm.a(fp_mpack.o)
                0x00003502                __fp_mpack
                0x00003506                __fp_mpack_finite
 .text.avr-libc.fplib
                0x0000351e        0xe f:/program files (x86)/atmel/studio/7.0/toolchain/avr8/avr8-gnu-toolchain/bin/../lib/gcc/avr/5.4.0/../../../../avr/lib/avr51\libm.a(fp_norm2.o)
                0x0000351e                __fp_norm2
 .text.avr-libc.fplib
                0x0000352c       0x6c f:/program files (x86)/atmel/studio/7.0/toolchain/avr8/avr8-gnu-toolchain/bin/../lib/gcc/avr/5.4.0/../../../../avr/lib/avr51\libm.a(ldexp.o)
                0x00003530                ldexp
 .text.avr-libc.fplib
                0x00003598       0x66 f:/program files (x86)/atmel/studio/7.0/toolchain/avr8/avr8-gnu-toolchain/bin/../lib/gcc/avr/5.4.0/../../../../avr/lib/avr51\libm.a(modf.o)
                0x00003598                modf
                0x00003598                modff
 .text.libgcc.div
                0x000035fe       0x18 f:/program files (x86)/atmel/studio/7.0/toolchain/avr8/avr8-gnu-toolchain/bin/../lib/gcc/avr/5.4.0/avr51\libgcc.a(_udivmodqi4.o)
                0x000035fe                __udivmodqi4
 .text.libgcc.div
                0x00003616       0x28 f:/program files (x86)/atmel/studio/7.0/toolchain/avr8/avr8-gnu-toolchain/bin/../lib/gcc/avr/5.4.0/avr51\libgcc.a(_udivmodhi4.o)
                0x00003616                __udivmodhi4
 .text.libgcc   0x0000363e       0x12 f:/program files (x86)/atmel/studio/7.0/toolchain/avr8/avr8-gnu-toolchain/bin/../lib/gcc/avr/5.4.0/avr51\libgcc.a(_tablejump2.o)
                0x0000363e                __tablejump2__
 .text.avr-libc
                0x00003650      0x10a f:/program files (x86)/atmel/studio/7.0/toolchain/avr8/avr8-gnu-toolchain/bin/../lib/gcc/avr/5.4.0/../../../../avr/lib/avr51\libc.a(dtostre.o)
                0x00003650                dtostre
 .text.avr-libc
                0x0000375a       0x3e f:/program files (x86)/atmel/studio/7.0/toolchain/avr8/avr8-gnu-toolchain/bin/../lib/gcc/avr/5.4.0/../../../../avr/lib/avr51\libc.a(dtostrf.o)
                0x0000375a                dtostrf
 .text.avr-libc
                0x00003798      0x242 f:/program files (x86)/atmel/studio/7.0/toolchain/avr8/avr8-gnu-toolchain/bin/../lib/gcc/avr/5.4.0/../../../../avr/lib/avr51\libc.a(malloc.o)
                0x00003798                malloc
                0x000038c8                free
 .text.avr-libc
                0x000039da        0x6 f:/program files (x86)/atmel/studio/7.0/toolchain/avr8/avr8-gnu-toolchain/bin/../lib/gcc/avr/5.4.0/../../../../avr/lib/avr51\libc.a(atof.o)
                0x000039da                atof
 .text.avr-libc
                0x000039e0      0x1b0 f:/program files (x86)/atmel/studio/7.0/toolchain/avr8/avr8-gnu-toolchain/bin/../lib/gcc/avr/5.4.0/../../../../avr/lib/avr51\libc.a(ftoa_engine.o)
                0x000039e0                __ftoa_engine
 .text.avr-libc
                0x00003b90        0xe f:/program files (x86)/atmel/studio/7.0/toolchain/avr8/avr8-gnu-toolchain/bin/../lib/gcc/avr/5.4.0/../../../../avr/lib/avr51\libc.a(strcpy_P.o)
                0x00003b90                strcpy_P
 .text.avr-libc
                0x00003b9e       0x12 f:/program files (x86)/atmel/studio/7.0/toolchain/avr8/avr8-gnu-toolchain/bin/../lib/gcc/avr/5.4.0/../../../../avr/lib/avr51\libc.a(strcmp.o)
                0x00003b9e                strcmp
 .text.avr-libc
                0x00003bb0       0x14 f:/program files (x86)/atmel/studio/7.0/toolchain/avr8/avr8-gnu-toolchain/bin/../lib/gcc/avr/5.4.0/../../../../avr/lib/avr51\libc.a(itoa_ncheck.o)
                0x00003bb0                __itoa_ncheck
 .text.avr-libc
                0x00003bc4       0x32 f:/program files (x86)/atmel/studio/7.0/toolchain/avr8/avr8-gnu-toolchain/bin/../lib/gcc/avr/5.4.0/../../../../avr/lib/avr51\libc.a(utoa_ncheck.o)
                0x00003bc4                __utoa_ncheck
                0x00003bc6                __utoa_common
 .text.avr-libc
                0x00003bf6      0x3fa f:/program files (x86)/atmel/studio/7.0/toolchain/avr8/avr8-gnu-toolchain/bin/../lib/gcc/avr/5.4.0/../../../../avr/lib/avr51\libc.a(vfprintf_std.o)
                0x00003bf6                vfprintf
 .text.avr-libc
                0x00003ff0      0x2ec f:/program files (x86)/atmel/studio/7.0/toolchain/avr8/avr8-gnu-toolchain/bin/../lib/gcc/avr/5.4.0/../../../../avr/lib/avr51\libc.a(dtoa_prf.o)
                0x00003ff0                dtoa_prf
 .text.avr-libc
                0x000042dc      0x2ae f:/program files (x86)/atmel/studio/7.0/toolchain/avr8/avr8-gnu-toolchain/bin/../lib/gcc/avr/5.4.0/../../../../avr/lib/avr51\libc.a(strtod.o)
                0x000042dc                strtod
 .text.avr-libc
                0x0000458a       0x10 f:/program files (x86)/atmel/studio/7.0/toolchain/avr8/avr8-gnu-toolchain/bin/../lib/gcc/avr/5.4.0/../../../../avr/lib/avr51\libc.a(isspace.o)
                0x0000458a                isspace
 .text.avr-libc
                0x0000459a       0x30 f:/program files (x86)/atmel/studio/7.0/toolchain/avr8/avr8-gnu-toolchain/bin/../lib/gcc/avr/5.4.0/../../../../avr/lib/avr51\libc.a(strncasecmp_P.o)
                0x0000459a                strncasecmp_P
 .text.avr-libc
                0x000045ca       0x16 f:/program files (x86)/atmel/studio/7.0/toolchain/avr8/avr8-gnu-toolchain/bin/../lib/gcc/avr/5.4.0/../../../../avr/lib/avr51\libc.a(strnlen_P.o)
                0x000045ca                strnlen_P
 .text.avr-libc
                0x000045e0       0x16 f:/program files (x86)/atmel/studio/7.0/toolchain/avr8/avr8-gnu-toolchain/bin/../lib/gcc/avr/5.4.0/../../../../avr/lib/avr51\libc.a(strnlen.o)
                0x000045e0                strnlen
 .text.avr-libc
                0x000045f6       0x20 f:/program files (x86)/atmel/studio/7.0/toolchain/avr8/avr8-gnu-toolchain/bin/../lib/gcc/avr/5.4.0/../../../../avr/lib/avr51\libc.a(strrev.o)
                0x000045f6                strrev
 .text.avr-libc
                0x00004616       0x78 f:/program files (x86)/atmel/studio/7.0/toolchain/avr8/avr8-gnu-toolchain/bin/../lib/gcc/avr/5.4.0/../../../../avr/lib/avr51\libc.a(fputc.o)
                0x00004616                fputc
 .text.avr-libc
                0x0000468e       0xbc f:/program files (x86)/atmel/studio/7.0/toolchain/avr8/avr8-gnu-toolchain/bin/../lib/gcc/avr/5.4.0/../../../../avr/lib/avr51\libc.a(ultoa_invert.o)
                0x0000468e                __ultoa_invert
 .text.avr-libc
                0x0000474a        0x6 f:/program files (x86)/atmel/studio/7.0/toolchain/avr8/avr8-gnu-toolchain/bin/../lib/gcc/avr/5.4.0/../../../../avr/lib/avr51\libc.a(cty_isfalse.o)
                0x0000474a                __ctype_isfalse
                0x0000474e                __ctype_istrue
 .text.libgcc.mul
                0x00004750       0x14 f:/program files (x86)/atmel/studio/7.0/toolchain/avr8/avr8-gnu-toolchain/bin/../lib/gcc/avr/5.4.0/avr51\libgcc.a(_muluhisi3.o)
                0x00004750                __muluhisi3
 .text.libgcc.mul
                0x00004764       0x1e f:/program files (x86)/atmel/studio/7.0/toolchain/avr8/avr8-gnu-toolchain/bin/../lib/gcc/avr/5.4.0/avr51\libgcc.a(_umulhisi3.o)
                0x00004764                __umulhisi3
                0x00004782                . = ALIGN (0x2)
 *(.fini9)
 .fini9         0x00004782        0x0 f:/program files (x86)/atmel/studio/7.0/toolchain/avr8/avr8-gnu-toolchain/bin/../lib/gcc/avr/5.4.0/avr51\libgcc.a(_exit.o)
                0x00004782                _exit
                0x00004782                exit
 *(.fini9)
 *(.fini8)
 *(.fini8)
 *(.fini7)
 *(.fini7)
 *(.fini6)
 *(.fini6)
 *(.fini5)
 *(.fini5)
 *(.fini4)
 *(.fini4)
 *(.fini3)
 *(.fini3)
 *(.fini2)
 *(.fini2)
 *(.fini1)
 *(.fini1)
 *(.fini0)
 .fini0         0x00004782        0x4 f:/program files (x86)/atmel/studio/7.0/toolchain/avr8/avr8-gnu-toolchain/bin/../lib/gcc/avr/5.4.0/avr51\libgcc.a(_exit.o)
 *(.fini0)
                0x00004786                _etext = .

.data           0x00800200       0xfa load address 0x00004786
                0x00800200                PROVIDE (__data_start, .)
 *(.data)
 .data          0x00800200        0x6 f:/program files (x86)/atmel/studio/7.0/toolchain/avr8/avr8-gnu-toolchain/bin/../lib/gcc/avr/5.4.0/../../../../avr/lib/avr51\libc.a(malloc.o)
                0x00800200                __malloc_heap_end
                0x00800202                __malloc_heap_start
                0x00800204                __malloc_margin
 *(.data*)
 *(.rodata)
 *(.rodata*)
 .rodata.str1.1
                0x00800206       0x98 InputWindow.o
 .rodata._ZTV11InputWindow
                0x0080029e        0xa InputWindow.o
                0x0080029e                _ZTV11InputWindow
 .rodata.str1.1
                0x008002a8       0x21 MainWindow.o
 .rodata._ZTV10MainWindow
                0x008002c9        0xa MainWindow.o
                0x008002c9                _ZTV10MainWindow
 .rodata.str1.1
                0x008002d3       0x27 rpn.o
                                 0x37 (size before relaxing)
 *(.gnu.linkonce.d*)
                0x008002fa                . = ALIGN (0x2)
                0x008002fa                _edata = .
                0x008002fa                PROVIDE (__data_end, .)

.bss            0x008002fa      0x38f
                0x008002fa                PROVIDE (__bss_start, .)
 *(.bss)
 *(.bss*)
 .bss.Adc       0x008002fa        0x1 adc.o
                0x008002fa                Adc
 .bss.at45      0x008002fb      0x211 at45db321.o
                0x008002fb                at45
 .bss.Lcd_KS0108
                0x0080050c        0x4 lcd.o
                0x0080050c                Lcd_KS0108
 .bss.rpn       0x00800510      0x145 rpn.o
                0x00800510                rpn
 .bss.tab2f     0x00800655       0x14 rpn.o
                0x00800655                tab2f
 .bss.serial    0x00800669        0x1 serial.o
                0x00800669                serial
 .bss.spi       0x0080066a        0x1 spi.o
                0x0080066a                spi
 .bss.ram       0x0080066b       0x10 sram.o
                0x0080066b                ram
 .bss.Text      0x0080067b        0x4 text.o
                0x0080067b                Text
 .bss.touch     0x0080067f        0x4 touch.o
                0x0080067f                touch
 *(COMMON)
 COMMON         0x00800683        0x4 f:/program files (x86)/atmel/studio/7.0/toolchain/avr8/avr8-gnu-toolchain/bin/../lib/gcc/avr/5.4.0/../../../../avr/lib/avr51\libc.a(malloc.o)
                0x00800683                __brkval
                0x00800685                __flp
 COMMON         0x00800687        0x2 f:/program files (x86)/atmel/studio/7.0/toolchain/avr8/avr8-gnu-toolchain/bin/../lib/gcc/avr/5.4.0/../../../../avr/lib/avr51\libc.a(errno.o)
                0x00800687                errno
                0x00800689                PROVIDE (__bss_end, .)
                0x00004786                __data_load_start = LOADADDR (.data)
                0x00004880                __data_load_end = (__data_load_start + SIZEOF (.data))

.noinit         0x00800689        0x0
                [!provide]                PROVIDE (__noinit_start, .)
 *(.noinit*)
                [!provide]                PROVIDE (__noinit_end, .)
                0x00800689                _end = .
                0x00800689                PROVIDE (__heap_start, .)

.eeprom         0x00810000        0x0
 *(.eeprom*)
                0x00810000                __eeprom_end = .

.fuse
 *(.fuse)
 *(.lfuse)
 *(.hfuse)
 *(.efuse)

.lock
 *(.lock*)

.signature
 *(.signature*)

.user_signatures
 *(.user_signatures*)

.stab
 *(.stab)

.stabstr
 *(.stabstr)

.stab.excl
 *(.stab.excl)

.stab.exclstr
 *(.stab.exclstr)

.stab.index
 *(.stab.index)

.stab.indexstr
 *(.stab.indexstr)

.comment        0x00000000       0x5c
 *(.comment)
 .comment       0x00000000       0x30 adc.o
                                 0x31 (size before relaxing)
 .comment       0x00000030       0x31 at45db321.o
 .comment       0x00000030       0x31 delay.o
 .comment       0x00000030       0x31 InputWindow.o
 .comment       0x00000030       0x31 keys.o
 .comment       0x00000030       0x31 lcd.o
 .comment       0x00000030       0x31 MainWindow.o
 .comment       0x00000030       0x31 program.o
 .comment       0x00000030       0x31 rpn.o
 .comment       0x00000030       0x31 serial.o
 .comment       0x00000030       0x31 spi.o
 .comment       0x00000030       0x31 sram.o
 .comment       0x00000030       0x31 text.o
 .comment       0x00000030       0x31 touch.o
 .comment       0x00000030       0x31 main.o
 .comment       0x00000030       0x31 f:/program files (x86)/atmel/studio/7.0/toolchain/avr8/avr8-gnu-toolchain/bin/../lib/gcc/avr/5.4.0/../../../../avr/lib/avr51\libc.a(dtostre.o)
 .comment       0x00000030       0x31 f:/program files (x86)/atmel/studio/7.0/toolchain/avr8/avr8-gnu-toolchain/bin/../lib/gcc/avr/5.4.0/../../../../avr/lib/avr51\libc.a(dtostrf.o)
 .comment       0x00000030       0x31 f:/program files (x86)/atmel/studio/7.0/toolchain/avr8/avr8-gnu-toolchain/bin/../lib/gcc/avr/5.4.0/../../../../avr/lib/avr51\libc.a(malloc.o)
 .comment       0x00000030       0x2c f:/program files (x86)/atmel/studio/7.0/toolchain/avr8/avr8-gnu-toolchain/bin/../lib/gcc/avr/5.4.0/../../../../avr/lib/avr51\libc.a(vfprintf_std.o)
                                 0x2d (size before relaxing)
 .comment       0x0000005c       0x31 f:/program files (x86)/atmel/studio/7.0/toolchain/avr8/avr8-gnu-toolchain/bin/../lib/gcc/avr/5.4.0/../../../../avr/lib/avr51\libc.a(dtoa_prf.o)
 .comment       0x0000005c       0x31 f:/program files (x86)/atmel/studio/7.0/toolchain/avr8/avr8-gnu-toolchain/bin/../lib/gcc/avr/5.4.0/../../../../avr/lib/avr51\libc.a(strtod.o)
 .comment       0x0000005c       0x31 f:/program files (x86)/atmel/studio/7.0/toolchain/avr8/avr8-gnu-toolchain/bin/../lib/gcc/avr/5.4.0/../../../../avr/lib/avr51\libc.a(fputc.o)
 .comment       0x0000005c       0x2d f:/program files (x86)/atmel/studio/7.0/toolchain/avr8/avr8-gnu-toolchain/bin/../lib/gcc/avr/5.4.0/../../../../avr/lib/avr51\libc.a(errno.o)

.note.gnu.avr.deviceinfo
                0x00000000       0x40
 .note.gnu.avr.deviceinfo
                0x00000000       0x40 F:/Program Files (x86)/Atmel/Studio/7.0/Packs/atmel/ATmega_DFP/1.2.132/gcc/dev/atmega1281/avr51/crtatmega1281.o

.note.gnu.build-id
 *(.note.gnu.build-id)

.debug
 *(.debug)

.line
 *(.line)

.debug_srcinfo
 *(.debug_srcinfo)

.debug_sfnames
 *(.debug_sfnames)

.debug_aranges
 *(.debug_aranges)

.debug_pubnames
 *(.debug_pubnames)

.debug_info     0x00000000      0xa07
 *(.debug_info .gnu.linkonce.wi.*)
 .debug_info    0x00000000      0xa07 F:/Program Files (x86)/Atmel/Studio/7.0/Packs/atmel/ATmega_DFP/1.2.132/gcc/dev/atmega1281/avr51/crtatmega1281.o

.debug_abbrev   0x00000000      0x97c
 *(.debug_abbrev)
 .debug_abbrev  0x00000000      0x97c F:/Program Files (x86)/Atmel/Studio/7.0/Packs/atmel/ATmega_DFP/1.2.132/gcc/dev/atmega1281/avr51/crtatmega1281.o

.debug_line     0x00000000      0x1c9
 *(.debug_line .debug_line.* .debug_line_end)
 .debug_line    0x00000000      0x1c9 F:/Program Files (x86)/Atmel/Studio/7.0/Packs/atmel/ATmega_DFP/1.2.132/gcc/dev/atmega1281/avr51/crtatmega1281.o

.debug_frame
 *(.debug_frame)

.debug_str      0x00000000      0x361
 *(.debug_str)
 .debug_str     0x00000000      0x361 F:/Program Files (x86)/Atmel/Studio/7.0/Packs/atmel/ATmega_DFP/1.2.132/gcc/dev/atmega1281/avr51/crtatmega1281.o

.debug_loc
 *(.debug_loc)

.debug_macinfo
 *(.debug_macinfo)

.debug_weaknames
 *(.debug_weaknames)

.debug_funcnames
 *(.debug_funcnames)

.debug_typenames
 *(.debug_typenames)

.debug_varnames
 *(.debug_varnames)

.debug_pubtypes
 *(.debug_pubtypes)

.debug_ranges
 *(.debug_ranges)

.debug_macro
 *(.debug_macro)
OUTPUT(Calculator.elf elf32-avr)
LOAD linker stubs
