Archive member included to satisfy reference by file (symbol)

f:/program files (x86)/atmel/studio/7.0/toolchain/avr8/avr8-gnu-toolchain/bin/../lib/gcc/avr/5.4.0/../../../../avr/lib/avr51\libm.a(acos.o)
                              rpn.o (acos)
f:/program files (x86)/atmel/studio/7.0/toolchain/avr8/avr8-gnu-toolchain/bin/../lib/gcc/avr/5.4.0/../../../../avr/lib/avr51\libm.a(addsf3.o)
                              rpn.o (__subsf3)
f:/program files (x86)/atmel/studio/7.0/toolchain/avr8/avr8-gnu-toolchain/bin/../lib/gcc/avr/5.4.0/../../../../avr/lib/avr51\libm.a(addsf3x.o)
                              f:/program files (x86)/atmel/studio/7.0/toolchain/avr8/avr8-gnu-toolchain/bin/../lib/gcc/avr/5.4.0/../../../../avr/lib/avr51\libm.a(acos.o) (__addsf3x)
f:/program files (x86)/atmel/studio/7.0/toolchain/avr8/avr8-gnu-toolchain/bin/../lib/gcc/avr/5.4.0/../../../../avr/lib/avr51\libm.a(asin.o)
                              rpn.o (asin)
f:/program files (x86)/atmel/studio/7.0/toolchain/avr8/avr8-gnu-toolchain/bin/../lib/gcc/avr/5.4.0/../../../../avr/lib/avr51\libm.a(atan.o)
                              rpn.o (atan)
f:/program files (x86)/atmel/studio/7.0/toolchain/avr8/avr8-gnu-toolchain/bin/../lib/gcc/avr/5.4.0/../../../../avr/lib/avr51\libm.a(cos.o)
                              rpn.o (cos)
f:/program files (x86)/atmel/studio/7.0/toolchain/avr8/avr8-gnu-toolchain/bin/../lib/gcc/avr/5.4.0/../../../../avr/lib/avr51\libm.a(divsf3.o)
                              rpn.o (__divsf3)
f:/program files (x86)/atmel/studio/7.0/toolchain/avr8/avr8-gnu-toolchain/bin/../lib/gcc/avr/5.4.0/../../../../avr/lib/avr51\libm.a(divsf3x.o)
                              f:/program files (x86)/atmel/studio/7.0/toolchain/avr8/avr8-gnu-toolchain/bin/../lib/gcc/avr/5.4.0/../../../../avr/lib/avr51\libm.a(divsf3.o) (__divsf3x)
f:/program files (x86)/atmel/studio/7.0/toolchain/avr8/avr8-gnu-toolchain/bin/../lib/gcc/avr/5.4.0/../../../../avr/lib/avr51\libm.a(fixunssfsi.o)
                              touch.o (__fixunssfsi)
f:/program files (x86)/atmel/studio/7.0/toolchain/avr8/avr8-gnu-toolchain/bin/../lib/gcc/avr/5.4.0/../../../../avr/lib/avr51\libm.a(floatsisf.o)
                              touch.o (__floatunsisf)
f:/program files (x86)/atmel/studio/7.0/toolchain/avr8/avr8-gnu-toolchain/bin/../lib/gcc/avr/5.4.0/../../../../avr/lib/avr51\libm.a(fp_arccos.o)
                              f:/program files (x86)/atmel/studio/7.0/toolchain/avr8/avr8-gnu-toolchain/bin/../lib/gcc/avr/5.4.0/../../../../avr/lib/avr51\libm.a(acos.o) (__fp_arccos)
f:/program files (x86)/atmel/studio/7.0/toolchain/avr8/avr8-gnu-toolchain/bin/../lib/gcc/avr/5.4.0/../../../../avr/lib/avr51\libm.a(fp_inf.o)
                              f:/program files (x86)/atmel/studio/7.0/toolchain/avr8/avr8-gnu-toolchain/bin/../lib/gcc/avr/5.4.0/../../../../avr/lib/avr51\libm.a(addsf3x.o) (__fp_inf)
f:/program files (x86)/atmel/studio/7.0/toolchain/avr8/avr8-gnu-toolchain/bin/../lib/gcc/avr/5.4.0/../../../../avr/lib/avr51\libm.a(fp_nan.o)
                              f:/program files (x86)/atmel/studio/7.0/toolchain/avr8/avr8-gnu-toolchain/bin/../lib/gcc/avr/5.4.0/../../../../avr/lib/avr51\libm.a(addsf3x.o) (__fp_nan)
f:/program files (x86)/atmel/studio/7.0/toolchain/avr8/avr8-gnu-toolchain/bin/../lib/gcc/avr/5.4.0/../../../../avr/lib/avr51\libm.a(fp_powser.o)
                              f:/program files (x86)/atmel/studio/7.0/toolchain/avr8/avr8-gnu-toolchain/bin/../lib/gcc/avr/5.4.0/../../../../avr/lib/avr51\libm.a(atan.o) (__fp_powser)
f:/program files (x86)/atmel/studio/7.0/toolchain/avr8/avr8-gnu-toolchain/bin/../lib/gcc/avr/5.4.0/../../../../avr/lib/avr51\libm.a(fp_powsodd.o)
                              f:/program files (x86)/atmel/studio/7.0/toolchain/avr8/avr8-gnu-toolchain/bin/../lib/gcc/avr/5.4.0/../../../../avr/lib/avr51\libm.a(asin.o) (__fp_powsodd)
f:/program files (x86)/atmel/studio/7.0/toolchain/avr8/avr8-gnu-toolchain/bin/../lib/gcc/avr/5.4.0/../../../../avr/lib/avr51\libm.a(fp_pscA.o)
                              f:/program files (x86)/atmel/studio/7.0/toolchain/avr8/avr8-gnu-toolchain/bin/../lib/gcc/avr/5.4.0/../../../../avr/lib/avr51\libm.a(addsf3x.o) (__fp_pscA)
f:/program files (x86)/atmel/studio/7.0/toolchain/avr8/avr8-gnu-toolchain/bin/../lib/gcc/avr/5.4.0/../../../../avr/lib/avr51\libm.a(fp_pscB.o)
                              f:/program files (x86)/atmel/studio/7.0/toolchain/avr8/avr8-gnu-toolchain/bin/../lib/gcc/avr/5.4.0/../../../../avr/lib/avr51\libm.a(addsf3x.o) (__fp_pscB)
f:/program files (x86)/atmel/studio/7.0/toolchain/avr8/avr8-gnu-toolchain/bin/../lib/gcc/avr/5.4.0/../../../../avr/lib/avr51\libm.a(fp_rempio2.o)
                              f:/program files (x86)/atmel/studio/7.0/toolchain/avr8/avr8-gnu-toolchain/bin/../lib/gcc/avr/5.4.0/../../../../avr/lib/avr51\libm.a(cos.o) (__fp_rempio2)
f:/program files (x86)/atmel/studio/7.0/toolchain/avr8/avr8-gnu-toolchain/bin/../lib/gcc/avr/5.4.0/../../../../avr/lib/avr51\libm.a(fp_round.o)
[...]
Memory Configuration

Name             Origin             Length             Attributes
text             0x00000000         0x00020000         xr
data             0x00800100         0x0000ff00         rw !x
eeprom           0x00810000         0x00010000         rw !x
fuse             0x00820000         0x00000003         rw !x
lock             0x00830000         0x00000400         rw !x
signature        0x00840000         0x00000400         rw !x
user_signatures  0x00850000         0x00000400         rw !x
*default*        0x00000000         0xffffffff

Linker script and memory map

Address of section .data set to 0x800200
LOAD F:/Program Files (x86)/Atmel/Studio/7.0/Packs/atmel/ATmega_DFP/1.2.132/gcc/dev/atmega1281/avr51/crtatmega1281.o
LOAD adc.o
LOAD at45db321.o
LOAD delay.o
LOAD InputWindow.o
LOAD keys.o
LOAD lcd.o
LOAD MainWindow.o
LOAD program.o
LOAD rpn.o
LOAD serial.o
LOAD spi.o
LOAD sram.o
LOAD text.o
LOAD touch.o
LOAD main.o
START GROUP
LOAD f:/program files (x86)/atmel/studio/7.0/toolchain/avr8/avr8-gnu-toolchain/bin/../lib/gcc/avr/5.4.0/../../../../avr/lib/avr51\libm.a
END GROUP
LOAD f:/program files (x86)/atmel/studio/7.0/toolchain/avr8/avr8-gnu-toolchain/bin/../lib/gcc/avr/5.4.0/avr51\libgcc.a
LOAD f:/program files (x86)/atmel/studio/7.0/toolchain/avr8/avr8-gnu-toolchain/bin/../lib/gcc/avr/5.4.0/../../../../avr/lib/avr51\libm.a
START GROUP
LOAD f:/program files (x86)/atmel/studio/7.0/toolchain/avr8/avr8-gnu-toolchain/bin/../lib/gcc/avr/5.4.0/avr51\libgcc.a
LOAD f:/program files (x86)/atmel/studio/7.0/toolchain/avr8/avr8-gnu-toolchain/bin/../lib/gcc/avr/5.4.0/../../../../avr/lib/avr51\libm.a
LOAD f:/program files (x86)/atmel/studio/7.0/toolchain/avr8/avr8-gnu-toolchain/bin/../lib/gcc/avr/5.4.0/../../../../avr/lib/avr51\libc.a
LOAD F:/Program Files (x86)/Atmel/Studio/7.0/Packs/atmel/ATmega_DFP/1.2.132/gcc/dev/atmega1281/avr51\libatmega1281.a
END GROUP
                0x00020000                __TEXT_REGION_LENGTH__ = DEFINED (__TEXT_REGION_LENGTH__)?__TEXT_REGION_LENGTH__:0x20000
                0x0000ff00                __DATA_REGION_LENGTH__ = DEFINED (__DATA_REGION_LENGTH__)?__DATA_REGION_LENGTH__:0xff00
                0x00010000                __EEPROM_REGION_LENGTH__ = DEFINED (__EEPROM_REGION_LENGTH__)?__EEPROM_REGION_LENGTH__:0x10000
                [0x00000003]                __FUSE_REGION_LENGTH__ = DEFINED (__FUSE_REGION_LENGTH__)?__FUSE_REGION_LENGTH__:0x400
                0x00000400                __LOCK_REGION_LENGTH__ = DEFINED (__LOCK_REGION_LENGTH__)?__LOCK_REGION_LENGTH__:0x400
                0x00000400                __SIGNATURE_REGION_LENGTH__ = DEFINED (__SIGNATURE_REGION_LENGTH__)?__SIGNATURE_REGION_LENGTH__:0x400
                0x00000400                __USER_SIGNATURE_REGION_LENGTH__ = DEFINED (__USER_SIGNATURE_REGION_LENGTH__)?__USER_SIGNATURE_REGION_LENGTH__:0x400

.hash
 *(.hash)

.dynsym
 *(.dynsym)

.dynstr
 *(.dynstr)

.gnu.version
 *(.gnu.version)

.gnu.version_d
 *(.gnu.version_d)

.gnu.version_r
 *(.gnu.version_r)

.rel.init
 *(.rel.init)

.rela.init
 *(.rela.init)

.rel.text
 *(.rel.text)
 *(.rel.text.*)
 *(.rel.gnu.linkonce.t*)

.rela.text
 *(.rela.text)
 *(.rela.text.*)
 *(.rela.gnu.linkonce.t*)

.rel.fini
 *(.rel.fini)

.rela.fini
 *(.rela.fini)

.rel.rodata
 *(.rel.rodata)
 *(.rel.rodata.*)
 *(.rel.gnu.linkonce.r*)

.rela.rodata
 *(.rela.rodata)
 *(.rela.rodata.*)
 *(.rela.gnu.linkonce.r*)

.rel.data
 *(.rel.data)
 *(.rel.data.*)
 *(.rel.gnu.linkonce.d*)

.rela.data
 *(.rela.data)
 *(.rela.data.*)
 *(.rela.gnu.linkonce.d*)

.rel.ctors
 *(.rel.ctors)

.rela.ctors
 *(.rela.ctors)

.rel.dtors
 *(.rel.dtors)

.rela.dtors
 *(.rela.dtors)

.rel.got
 *(.rel.got)

.rela.got
 *(.rela.got)

.rel.bss
 *(.rel.bss)

.rela.bss
 *(.rela.bss)

.rel.plt
 *(.rel.plt)

.rela.plt
 *(.rela.plt)

.text           0x00000000     0x1d0c
 *(.vectors)
 .vectors       0x00000000       0xcc F:/Program Files (x86)/Atmel/Studio/7.0/Packs/atmel/ATmega_DFP/1.2.132/gcc/dev/atmega1281/avr51/crtatmega1281.o
                0x00000000                __vector_default
                0x00000000                __vectors
 *(.vectors)
 *(.progmem.gcc*)
 .progmem.gcc_sw_table._ZN10MainWindow6ActionE6Statesh
                0x000000cc       0x10 MainWindow.o
                0x000000dc                . = ALIGN (0x2)
                0x000000dc                __trampolines_start = .
 *(.trampolines)
 .trampolines   0x000000dc        0x0 linker stubs
 *(.trampolines*)
                0x000000dc                __trampolines_end = .
 *libprintf_flt.a:*(.progmem.data)
 *libc.a:*(.progmem.data)
 *(.progmem*)
 .progmem.data._ZL8all_keys
                0x000000dc      0x13b keys.o
 .progmem.data._ZL7font5x7
                0x00000217      0x217 text.o
                0x0000042e                . = ALIGN (0x2)
 *(.jumptables)
 *(.jumptables*)
 *(.lowtext)
 *(.lowtext*)
                0x0000042e                __ctors_start = .
 *(.ctors)
 .ctors         0x0000042e        0x2 adc.o
 .ctors         0x00000430        0x2 at45db321.o
 .ctors         0x00000432        0x2 lcd.o
 .ctors         0x00000434        0x2 rpn.o
 .ctors         0x00000436        0x2 serial.o
 .ctors         0x00000438        0x2 spi.o
 .ctors         0x0000043a        0x2 sram.o
 .ctors         0x0000043c        0x2 text.o
                0x0000043e                __ctors_end = .
                0x0000043e                __dtors_start = .
 *(.dtors)
                0x0000043e                __dtors_end = .
 SORT(*)(.ctors)
 SORT(*)(.dtors)
 *(.init0)
 .init0         0x0000043e        0x0 F:/Program Files (x86)/Atmel/Studio/7.0/Packs/atmel/ATmega_DFP/1.2.132/gcc/dev/atmega1281/avr51/crtatmega1281.o
                0x0000043e                __init
 *(.init0)
 *(.init1)
 *(.init1)
 *(.init2)
 .init2         0x0000043e        0xc F:/Program Files (x86)/Atmel/Studio/7.0/Packs/atmel/ATmega_DFP/1.2.132/gcc/dev/atmega1281/avr51/crtatmega1281.o
 *(.init2)
 *(.init3)
 *(.init3)
 *(.init4)
 .init4         0x0000044a       0x1a f:/program files (x86)/atmel/studio/7.0/toolchain/avr8/avr8-gnu-toolchain/bin/../lib/gcc/avr/5.4.0/avr51\libgcc.a(_copy_data.o)
                0x0000044a                __do_copy_data
 .init4         0x00000464       0x10 f:/program files (x86)/atmel/studio/7.0/toolchain/avr8/avr8-gnu-toolchain/bin/../lib/gcc/avr/5.4.0/avr51\libgcc.a(_clear_bss.o)
                0x00000464                __do_clear_bss
 *(.init4)
 *(.init5)
 *(.init5)
 *(.init6)
 .init6         0x00000474       0x16 f:/program files (x86)/atmel/studio/7.0/toolchain/avr8/avr8-gnu-toolchain/bin/../lib/gcc/avr/5.4.0/avr51\libgcc.a(_ctors.o)
                0x00000474                __do_global_ctors
 *(.init6)
 *(.init7)
 *(.init7)
 *(.init8)
 *(.init8)
 *(.init9)
 .init9         0x0000048a        0x6 F:/Program Files (x86)/Atmel/Studio/7.0/Packs/atmel/ATmega_DFP/1.2.132/gcc/dev/atmega1281/avr51/crtatmega1281.o
 *(.init9)
 *(.text)
 .text          0x00000490        0x2 F:/Program Files (x86)/Atmel/Studio/7.0/Packs/atmel/ATmega_DFP/1.2.132/gcc/dev/atmega1281/avr51/crtatmega1281.o
                0x00000490                __vector_38
                0x00000490                __vector_22
                0x00000490                __vector_28
                0x00000490                __vector_1
                0x00000490                __vector_32
                0x00000490                __vector_34
                0x00000490                __vector_24
                0x00000490                __vector_12
                0x00000490                __vector_46
                0x00000490                __bad_interrupt
                0x00000490                __vector_6
                0x00000490                __vector_31
                0x00000490                __vector_35
                0x00000490                __vector_39
                0x00000490                __vector_3
                0x00000490                __vector_23
                0x00000490                __vector_30
                0x00000490                __vector_45
                0x00000490                __vector_25
                0x00000490                __vector_11
                0x00000490                __vector_13
                0x00000490                __vector_17
                0x00000490                __vector_19
                0x00000490                __vector_7
                0x00000490                __vector_49
                0x00000490                __vector_41
                0x00000490                __vector_43
                0x00000490                __vector_27
                0x00000490                __vector_5
                0x00000490                __vector_33
                0x00000490                __vector_47
                0x00000490                __vector_37
                0x00000490                __vector_4
                0x00000490                __vector_44
                0x00000490                __vector_9
                0x00000490                __vector_2
                0x00000490                __vector_21
                0x00000490                __vector_15
                0x00000490                __vector_36
                0x00000490                __vector_29
                0x00000490                __vector_40
                0x00000490                __vector_8
                0x00000490                __vector_26
                0x00000490                __vector_48
                0x00000490                __vector_14
                0x00000490                __vector_10
                0x00000490                __vector_50
                0x00000490                __vector_16
                0x00000490                __vector_18
                0x00000490                __vector_20
                0x00000490                __vector_42
                0x00000492                . = ALIGN (0x2)
 *(.text.*)
 .text._ZN3adcC2Ev
                0x00000492       0x24 adc.o
                0x00000492                _ZN3adcC1Ev
                0x00000492                _ZN3adcC2Ev
 .text._ZN3adc9current_XEv
                0x000004b6       0x38 adc.o
                0x000004b6                _ZN3adc9current_XEv
 .text._ZN3adc9current_YEv
                0x000004ee       0x38 adc.o
                0x000004ee                _ZN3adc9current_YEv
 .text._ZN3adc9voltage_XEv
                0x00000526       0x38 adc.o
                0x00000526                _ZN3adc9voltage_XEv
 .text._ZN3adc9voltage_YEv
                0x0000055e       0x36 adc.o
                0x0000055e                _ZN3adc9voltage_YEv
 .text.startup._GLOBAL__sub_I__ZN3adc9current_XEv
                0x00000594        0x6 adc.o
 .text.startup._GLOBAL__sub_I__ZN4AT459WriteTextEjPKc
                0x0000059a        0x6 at45db321.o
 .text._Z5delaym
                0x000005a0       0x46 delay.o
                0x000005a0                _Z5delaym
 .text._Z8delay_msh
                0x000005e6       0x1a delay.o
                0x000005e6                _Z8delay_msh
 .text._ZN11InputWindow6ActionE6Statesh
                0x00000600        0x4 InputWindow.o
                0x00000600                _ZN11InputWindow6ActionE6Statesh
 .text._ZN11InputWindow4DrawEv
                0x00000604       0xc8 InputWindow.o
                0x00000604                _ZN11InputWindow4DrawEv
 .text._ZN11InputWindow7ReadKeyEv
                0x000006cc       0x3e InputWindow.o
                0x000006cc                _ZN11InputWindow7ReadKeyEv
 .text._Z7readkeyhhhh
                0x0000070a       0x4e keys.o
                0x0000070a                _Z7readkeyhhhh
 .text._ZN4Keys7ReadKeyE8KeysType4PairIjjE
                0x00000758       0x4a keys.o
                0x00000758                _ZN4Keys7ReadKeyE8KeysType4PairIjjE
 .text._ZN10lcd_KS01086StatusEh
                0x000007a2       0x56 lcd.o
                0x000007a2                _ZN10lcd_KS01086StatusEh
 .text._ZN10lcd_KS010812WriteCommandEhh
                0x000007f8       0x52 lcd.o
                0x000007f8                _ZN10lcd_KS010812WriteCommandEhh
 .text._ZN10lcd_KS01088ReadDataEv
                0x0000084a       0x5a lcd.o
                0x0000084a                _ZN10lcd_KS01088ReadDataEv
 .text._ZN10lcd_KS01086GoToXYEhh
                0x000008a4       0x5e lcd.o
                0x000008a4                _ZN10lcd_KS01086GoToXYEhh
 .text._ZN10lcd_KS01089WriteDataEh
                0x00000902       0x76 lcd.o
                0x00000902                _ZN10lcd_KS01089WriteDataEh
 .text._ZN10lcd_KS010810GoToXYTextEhh
                0x00000978        0xa lcd.o
                0x00000978                _ZN10lcd_KS010810GoToXYTextEhh
 .text._ZN10lcd_KS01086ClrScrEv
                0x00000982       0x3a lcd.o
                0x00000982                _ZN10lcd_KS01086ClrScrEv
 .text._ZN10lcd_KS01084InitEv
                0x000009bc       0x38 lcd.o
                0x000009bc                _ZN10lcd_KS01084InitEv
 .text._ZN10lcd_KS0108C2Ev
                0x000009f4       0x2c lcd.o
                0x000009f4                _ZN10lcd_KS0108C1Ev
                0x000009f4                _ZN10lcd_KS0108C2Ev
 .text._ZN10lcd_KS01088SetPixelEhh
                0x00000a20       0x50 lcd.o
                0x00000a20                _ZN10lcd_KS01088SetPixelEhh
 .text.startup._GLOBAL__sub_I__ZN10lcd_KS01086StatusEh
                0x00000a70        0x6 lcd.o
 .text._ZN10MainWindow4DrawEv
                0x00000a76       0xdc MainWindow.o
                0x00000a76                _ZN10MainWindow4DrawEv
 .text._ZN10MainWindow7ReadKeyEv
                0x00000b52       0x3e MainWindow.o
                0x00000b52                _ZN10MainWindow7ReadKeyEv
 .text._ZN10MainWindow7DecLineEv
                0x00000b90        0xe MainWindow.o
                0x00000b90                _ZN10MainWindow7DecLineEv
 .text._ZN10MainWindow7IncLineEv
                0x00000b9e        0xe MainWindow.o
                0x00000b9e                _ZN10MainWindow7IncLineEv
 .text._ZN10MainWindow6DecColEv
                0x00000bac        0xe MainWindow.o
                0x00000bac                _ZN10MainWindow6DecColEv
 .text._ZN10MainWindow6IncColEv
                0x00000bba        0xe MainWindow.o
                0x00000bba                _ZN10MainWindow6IncColEv
 .text._ZN10MainWindow6ActionE6Statesh
                0x00000bc8       0x6c MainWindow.o
                0x00000bc8                _ZN10MainWindow6ActionE6Statesh
 .text._ZN7Program3RunEv
                0x00000c34       0x48 program.o
                0x00000c34                _ZN7Program3RunEv
 .text._ZN5TokenC2Ev
                0x00000c7c       0x14 rpn.o
                0x00000c7c                _ZN5TokenC2Ev
                0x00000c7c                _ZN5TokenC1Ev
 .text.startup._GLOBAL__sub_I_tab2f
                0x00000c90       0x34 rpn.o
 .text._ZN6Serial6EnableEv
                0x00000cc4       0x12 serial.o
                0x00000cc4                _ZN6Serial6EnableEv
 .text._ZN6SerialC2Ev
                0x00000cd6        0xe serial.o
                0x00000cd6                _ZN6SerialC1Ev
                0x00000cd6                _ZN6SerialC2Ev
 .text.startup._GLOBAL__sub_I__ZN6SerialC2Ev
                0x00000ce4        0x6 serial.o
 .text._ZN3SPIC2Ev
                0x00000cea       0x24 spi.o
                0x00000cea                _ZN3SPIC2Ev
                0x00000cea                _ZN3SPIC1Ev
 .text.startup._GLOBAL__sub_I__ZN3SPIC2Ev
                0x00000d0e        0x6 spi.o
 .text._ZN3RAM7setBankEh
                0x00000d14       0x18 sram.o
                0x00000d14                _ZN3RAM7setBankEh
 .text._ZN3RAMC2Ev
                0x00000d2c       0x44 sram.o
                0x00000d2c                _ZN3RAMC1Ev
                0x00000d2c                _ZN3RAMC2Ev
 .text._ZN3RAM9WriteByteEjh
                0x00000d70       0x2e sram.o
                0x00000d70                _ZN3RAM9WriteByteEjh
 .text._ZN3RAM8ReadByteEj
                0x00000d9e       0x2e sram.o
                0x00000d9e                _ZN3RAM8ReadByteEj
 .text._ZN3RAM7get_memEj
                0x00000dcc      0x24a sram.o
                0x00000dcc                _ZN3RAM7get_memEj
 .text.startup._GLOBAL__sub_I__ZN3RAM7setBankEh
                0x00001016        0x6 sram.o
 .text._ZN4text9SetSpacesEh
                0x0000101c        0x6 text.o
                0x0000101c                _ZN4text9SetSpacesEh
 .text._ZN4text6ClrScrEv
                0x00001022       0x16 text.o
                0x00001022                _ZN4text6ClrScrEv
 .text._ZN4text4GoToEhh
                0x00001038       0x4c text.o
                0x00001038                _ZN4text4GoToEhh
 .text._ZN4text7GoToAbsEhh
                0x00001084       0x2c text.o
                0x00001084                _ZN4text7GoToAbsEhh
 .text._ZN4text4DrawEh
                0x000010b0       0x6a text.o
                0x000010b0                _ZN4text4DrawEh
 .text._ZN4text5WriteEc
                0x0000111a       0x1c text.o
                0x0000111a                _ZN4text5WriteEc
 .text._ZN4text5WriteEPKc
                0x00001136       0x38 text.o
                0x00001136                _ZN4text5WriteEPKc
 .text.startup._GLOBAL__sub_I__ZN4text13Get_Coursor_XEv
                0x0000116e       0x14 text.o
 .text._ZN5Touch9rescale_xEj
                0x00001182       0x58 touch.o
                0x00001182                _ZN5Touch9rescale_xEj
 .text._ZN5Touch9rescale_yEj
                0x000011da       0x58 touch.o
                0x000011da                _ZN5Touch9rescale_yEj
 .text._ZN5Touch10KeyPressedEv
                0x00001232       0x22 touch.o
                0x00001232                _ZN5Touch10KeyPressedEv
 .text._ZN5Touch5PressEv
                0x00001254       0x26 touch.o
                0x00001254                _ZN5Touch5PressEv
 .text._ZN5Touch15ReadCoordinatesEv
                0x0000127a       0xe0 touch.o
                0x0000127a                _ZN5Touch15ReadCoordinatesEv
 .text._ZN5Touch16delay_keypressedEv
                0x0000135a        0xc touch.o
                0x0000135a                _ZN5Touch16delay_keypressedEv
 .text._ZN5Touch16wait_release_keyEv
                0x00001366       0x10 touch.o
                0x00001366                _ZN5Touch16wait_release_keyEv
 .text._ZN5Touch7ReadKeyEv
                0x00001376       0x34 touch.o
                0x00001376                _ZN5Touch7ReadKeyEv
 .text.startup.main
                0x000013aa       0xc6 main.o
                0x000013aa                main
 .text.avr-libc.fplib
                0x00001470        0xa f:/program files (x86)/atmel/studio/7.0/toolchain/avr8/avr8-gnu-toolchain/bin/../lib/gcc/avr/5.4.0/../../../../avr/lib/avr51\libm.a(addsf3.o)
                0x00001470                __subsf3
                0x00001472                __addsf3
 .text.avr-libc.fplib
                0x0000147a       0xc0 f:/program files (x86)/atmel/studio/7.0/toolchain/avr8/avr8-gnu-toolchain/bin/../lib/gcc/avr/5.4.0/../../../../avr/lib/avr51\libm.a(addsf3x.o)
                0x00001494                __addsf3x
 .text.avr-libc.fplib
                0x0000153a       0x58 f:/program files (x86)/atmel/studio/7.0/toolchain/avr8/avr8-gnu-toolchain/bin/../lib/gcc/avr/5.4.0/../../../../avr/lib/avr51\libm.a(fixunssfsi.o)
                0x0000153a                __fixunssfsi
 .text.avr-libc.fplib
                0x00001592       0x7a f:/program files (x86)/atmel/studio/7.0/toolchain/avr8/avr8-gnu-toolchain/bin/../lib/gcc/avr/5.4.0/../../../../avr/lib/avr51\libm.a(floatsisf.o)
                0x00001592                __floatunsisf
                0x00001596                __floatsisf
 .text.avr-libc.fplib
                0x0000160c        0xc f:/program files (x86)/atmel/studio/7.0/toolchain/avr8/avr8-gnu-toolchain/bin/../lib/gcc/avr/5.4.0/../../../../avr/lib/avr51\libm.a(fp_inf.o)
                0x0000160c                __fp_inf
 .text.avr-libc.fplib
                0x00001618        0x6 f:/program files (x86)/atmel/studio/7.0/toolchain/avr8/avr8-gnu-toolchain/bin/../lib/gcc/avr/5.4.0/../../../../avr/lib/avr51\libm.a(fp_nan.o)
                0x00001618                __fp_nan
 .text.avr-libc.fplib
                0x0000161e        0xe f:/program files (x86)/atmel/studio/7.0/toolchain/avr8/avr8-gnu-toolchain/bin/../lib/gcc/avr/5.4.0/../../../../avr/lib/avr51\libm.a(fp_pscA.o)
                0x0000161e                __fp_pscA
 .text.avr-libc.fplib
                0x0000162c        0xe f:/program files (x86)/atmel/studio/7.0/toolchain/avr8/avr8-gnu-toolchain/bin/../lib/gcc/avr/5.4.0/../../../../avr/lib/avr51\libm.a(fp_pscB.o)
                0x0000162c                __fp_pscB
 .text.avr-libc.fplib
                0x0000163a       0x22 f:/program files (x86)/atmel/studio/7.0/toolchain/avr8/avr8-gnu-toolchain/bin/../lib/gcc/avr/5.4.0/../../../../avr/lib/avr51\libm.a(fp_round.o)
                0x0000163a                __fp_round
 .text.avr-libc.fplib
                0x0000165c       0x44 f:/program files (x86)/atmel/studio/7.0/toolchain/avr8/avr8-gnu-toolchain/bin/../lib/gcc/avr/5.4.0/../../../../avr/lib/avr51\libm.a(fp_split3.o)
                0x0000165c                __fp_split3
                0x0000166c                __fp_splitA
 .text.avr-libc.fplib
                0x000016a0        0xe f:/program files (x86)/atmel/studio/7.0/toolchain/avr8/avr8-gnu-toolchain/bin/../lib/gcc/avr/5.4.0/../../../../avr/lib/avr51\libm.a(fp_zero.o)
                0x000016a0                __fp_zero
                0x000016a2                __fp_szero
 .text.avr-libc.fplib
                0x000016ae        0x4 f:/program files (x86)/atmel/studio/7.0/toolchain/avr8/avr8-gnu-toolchain/bin/../lib/gcc/avr/5.4.0/../../../../avr/lib/avr51\libm.a(mulsf3.o)
                0x000016ae                __mulsf3
 .text.avr-libc.fplib
                0x000016b2       0xc2 f:/program files (x86)/atmel/studio/7.0/toolchain/avr8/avr8-gnu-toolchain/bin/../lib/gcc/avr/5.4.0/../../../../avr/lib/avr51\libm.a(mulsf3x.o)
                0x000016c6                __mulsf3x
                0x000016ca                __mulsf3_pse
 .text.libgcc.div
                0x00001774       0x28 f:/program files (x86)/atmel/studio/7.0/toolchain/avr8/avr8-gnu-toolchain/bin/../lib/gcc/avr/5.4.0/avr51\libgcc.a(_udivmodhi4.o)
                0x00001774                __udivmodhi4
 .text.libgcc   0x0000179c       0x12 f:/program files (x86)/atmel/studio/7.0/toolchain/avr8/avr8-gnu-toolchain/bin/../lib/gcc/avr/5.4.0/avr51\libgcc.a(_tablejump2.o)
                0x0000179c                __tablejump2__
 .text.avr-libc
                0x000017ae      0x3fa f:/program files (x86)/atmel/studio/7.0/toolchain/avr8/avr8-gnu-toolchain/bin/../lib/gcc/avr/5.4.0/../../../../avr/lib/avr51\libc.a(vfprintf_std.o)
                0x000017ae                vfprintf
 .text.avr-libc
                0x00001ba8       0x16 f:/program files (x86)/atmel/studio/7.0/toolchain/avr8/avr8-gnu-toolchain/bin/../lib/gcc/avr/5.4.0/../../../../avr/lib/avr51\libc.a(strnlen_P.o)
                0x00001ba8                strnlen_P
 .text.avr-libc
                0x00001bbe       0x16 f:/program files (x86)/atmel/studio/7.0/toolchain/avr8/avr8-gnu-toolchain/bin/../lib/gcc/avr/5.4.0/../../../../avr/lib/avr51\libc.a(strnlen.o)
                0x00001bbe                strnlen
 .text.avr-libc
                0x00001bd4       0x78 f:/program files (x86)/atmel/studio/7.0/toolchain/avr8/avr8-gnu-toolchain/bin/../lib/gcc/avr/5.4.0/../../../../avr/lib/avr51\libc.a(fputc.o)
                0x00001bd4                fputc
 .text.avr-libc
                0x00001c4c       0xbc f:/program files (x86)/atmel/studio/7.0/toolchain/avr8/avr8-gnu-toolchain/bin/../lib/gcc/avr/5.4.0/../../../../avr/lib/avr51\libc.a(ultoa_invert.o)
                0x00001c4c                __ultoa_invert
                0x00001d08                . = ALIGN (0x2)
 *(.fini9)
 .fini9         0x00001d08        0x0 f:/program files (x86)/atmel/studio/7.0/toolchain/avr8/avr8-gnu-toolchain/bin/../lib/gcc/avr/5.4.0/avr51\libgcc.a(_exit.o)
                0x00001d08                _exit
                0x00001d08                exit
 *(.fini9)
 *(.fini8)
 *(.fini8)
 *(.fini7)
 *(.fini7)
 *(.fini6)
 *(.fini6)
 *(.fini5)
 *(.fini5)
 *(.fini4)
 *(.fini4)
 *(.fini3)
 *(.fini3)
 *(.fini2)
 *(.fini2)
 *(.fini1)
 *(.fini1)
 *(.fini0)
 .fini0         0x00001d08        0x4 f:/program files (x86)/atmel/studio/7.0/toolchain/avr8/avr8-gnu-toolchain/bin/../lib/gcc/avr/5.4.0/avr51\libgcc.a(_exit.o)
 *(.fini0)
                0x00001d0c                _etext = .

.data           0x00800200       0xce load address 0x00001d0c
                0x00800200                PROVIDE (__data_start, .)
 *(.data)
 *(.data*)
 *(.rodata)
 *(.rodata*)
 .rodata.str1.1
                0x00800200       0x98 InputWindow.o
 .rodata._ZTV11InputWindow
                0x00800298        0xa InputWindow.o
                0x00800298                _ZTV11InputWindow
 .rodata.str1.1
                0x008002a2       0x21 MainWindow.o
 .rodata._ZTV10MainWindow
                0x008002c3        0xa MainWindow.o
                0x008002c3                _ZTV10MainWindow
 *(.gnu.linkonce.d*)
                0x008002ce                . = ALIGN (0x2)
 *fill*         0x008002cd        0x1 
                0x008002ce                _edata = .
                0x008002ce                PROVIDE (__data_end, .)

.bss            0x008002ce      0x375
                0x008002ce                PROVIDE (__bss_start, .)
 *(.bss)
 *(.bss*)
 .bss.Adc       0x008002ce        0x1 adc.o
                0x008002ce                Adc
 .bss.at45      0x008002cf      0x211 at45db321.o
                0x008002cf                at45
 .bss.Lcd_KS0108
                0x008004e0        0x4 lcd.o
                0x008004e0                Lcd_KS0108
 .bss.rpn       0x008004e4      0x145 rpn.o
                0x008004e4                rpn
 .bss.serial    0x00800629        0x1 serial.o
                0x00800629                serial
 .bss.spi       0x0080062a        0x1 spi.o
                0x0080062a                spi
 .bss.ram       0x0080062b       0x10 sram.o
                0x0080062b                ram
 .bss.Text      0x0080063b        0x4 text.o
                0x0080063b                Text
 .bss.touch     0x0080063f        0x4 touch.o
                0x0080063f                touch
 *(COMMON)
                0x00800643                PROVIDE (__bss_end, .)
                0x00001d0c                __data_load_start = LOADADDR (.data)
                0x00001dda                __data_load_end = (__data_load_start + SIZEOF (.data))

.noinit         0x00800643        0x0
                [!provide]                PROVIDE (__noinit_start, .)
 *(.noinit*)
                [!provide]                PROVIDE (__noinit_end, .)
                0x00800643                _end = .
                0x00800643                PROVIDE (__heap_start, .)

.eeprom         0x00810000        0x0
 *(.eeprom*)
                0x00810000                __eeprom_end = .

.fuse
 *(.fuse)
 *(.lfuse)
 *(.hfuse)
 *(.efuse)

.lock
 *(.lock*)

.signature
 *(.signature*)

.user_signatures
 *(.user_signatures*)

.stab
 *(.stab)

.stabstr
 *(.stabstr)

.stab.excl
 *(.stab.excl)

.stab.exclstr
 *(.stab.exclstr)

.stab.index
 *(.stab.index)

.stab.indexstr
 *(.stab.indexstr)

.comment        0x00000000       0x5c
 *(.comment)
 .comment       0x00000000       0x30 adc.o
                                 0x31 (size before relaxing)
 .comment       0x00000030       0x31 at45db321.o
 .comment       0x00000030       0x31 delay.o
 .comment       0x00000030       0x31 InputWindow.o
 .comment       0x00000030       0x31 keys.o
 .comment       0x00000030       0x31 lcd.o
 .comment       0x00000030       0x31 MainWindow.o
 .comment       0x00000030       0x31 program.o
 .comment       0x00000030       0x31 rpn.o
 .comment       0x00000030       0x31 serial.o
 .comment       0x00000030       0x31 spi.o
 .comment       0x00000030       0x31 sram.o
 .comment       0x00000030       0x31 text.o
 .comment       0x00000030       0x31 touch.o
 .comment       0x00000030       0x31 main.o
 .comment       0x00000030       0x2c f:/program files (x86)/atmel/studio/7.0/toolchain/avr8/avr8-gnu-toolchain/bin/../lib/gcc/avr/5.4.0/../../../../avr/lib/avr51\libc.a(vfprintf_std.o)
                                 0x2d (size before relaxing)
 .comment       0x0000005c       0x31 f:/program files (x86)/atmel/studio/7.0/toolchain/avr8/avr8-gnu-toolchain/bin/../lib/gcc/avr/5.4.0/../../../../avr/lib/avr51\libc.a(fputc.o)

.note.gnu.avr.deviceinfo
                0x00000000       0x40
 .note.gnu.avr.deviceinfo
                0x00000000       0x40 F:/Program Files (x86)/Atmel/Studio/7.0/Packs/atmel/ATmega_DFP/1.2.132/gcc/dev/atmega1281/avr51/crtatmega1281.o

.note.gnu.build-id
 *(.note.gnu.build-id)

.debug
 *(.debug)

.line
 *(.line)

.debug_srcinfo
 *(.debug_srcinfo)

.debug_sfnames
 *(.debug_sfnames)

.debug_aranges
 *(.debug_aranges)

.debug_pubnames
 *(.debug_pubnames)

.debug_info     0x00000000      0xa07
 *(.debug_info .gnu.linkonce.wi.*)
 .debug_info    0x00000000      0xa07 F:/Program Files (x86)/Atmel/Studio/7.0/Packs/atmel/ATmega_DFP/1.2.132/gcc/dev/atmega1281/avr51/crtatmega1281.o

.debug_abbrev   0x00000000      0x97c
 *(.debug_abbrev)
 .debug_abbrev  0x00000000      0x97c F:/Program Files (x86)/Atmel/Studio/7.0/Packs/atmel/ATmega_DFP/1.2.132/gcc/dev/atmega1281/avr51/crtatmega1281.o

.debug_line     0x00000000      0x1c9
 *(.debug_line .debug_line.* .debug_line_end)
 .debug_line    0x00000000      0x1c9 F:/Program Files (x86)/Atmel/Studio/7.0/Packs/atmel/ATmega_DFP/1.2.132/gcc/dev/atmega1281/avr51/crtatmega1281.o

.debug_frame
 *(.debug_frame)

.debug_str      0x00000000      0x361
 *(.debug_str)
 .debug_str     0x00000000      0x361 F:/Program Files (x86)/Atmel/Studio/7.0/Packs/atmel/ATmega_DFP/1.2.132/gcc/dev/atmega1281/avr51/crtatmega1281.o

.debug_loc
 *(.debug_loc)

.debug_macinfo
 *(.debug_macinfo)

.debug_weaknames
 *(.debug_weaknames)

.debug_funcnames
 *(.debug_funcnames)

.debug_typenames
 *(.debug_typenames)

.debug_varnames
 *(.debug_varnames)

.debug_pubtypes
 *(.debug_pubtypes)

.debug_ranges
 *(.debug_ranges)

.debug_macro
 *(.debug_macro)
OUTPUT(Calculator.elf elf32-avr)
LOAD linker stubs
